Mar 14 11:21:02 syslogd started: BusyBox v1.22.1
Mar 14 11:21:02 kernel: klogd started: BusyBox v1.22.1 (Debian 1:1.22.0-9+deb8u1)
Mar 14 11:21:02 kernel: [    0.000000] Initializing cgroup subsys cpuset
Mar 14 11:21:02 kernel: [    0.000000] Initializing cgroup subsys cpu
Mar 14 11:21:02 kernel: [    0.000000] Initializing cgroup subsys cpuacct
Mar 14 11:21:02 kernel: [    0.000000] Linux version 3.16.0-4-amd64 (debian-kernel@lists.debian.org) (gcc version 4.8.4 (Debian 4.8.4-1) ) #1 SMP Debian 3.16.39-1 (2016-12-30)
Mar 14 11:21:02 kernel: [    0.000000] Command line: BOOT_IMAGE=/install.amd/vmlinuz vga=788 initrd=/install.amd/initrd.gz --- quiet 
Mar 14 11:21:02 kernel: [    0.000000] Disabled fast string operations
Mar 14 11:21:02 kernel: [    0.000000] e820: BIOS-provided physical RAM map:
Mar 14 11:21:02 kernel: [    0.000000] BIOS-e820: [mem 0x0000000000000000-0x000000000009fbff] usable
Mar 14 11:21:02 kernel: [    0.000000] BIOS-e820: [mem 0x000000000009fc00-0x000000000009ffff] reserved
Mar 14 11:21:02 kernel: [    0.000000] BIOS-e820: [mem 0x00000000000dc000-0x00000000000fffff] reserved
Mar 14 11:21:02 kernel: [    0.000000] BIOS-e820: [mem 0x0000000000100000-0x000000003ffebfff] usable
Mar 14 11:21:02 kernel: [    0.000000] BIOS-e820: [mem 0x000000003ffec000-0x000000003ffedfff] reserved
Mar 14 11:21:02 kernel: [    0.000000] BIOS-e820: [mem 0x000000003ffee000-0x000000003fffafff] ACPI data
Mar 14 11:21:02 kernel: [    0.000000] BIOS-e820: [mem 0x000000003fffb000-0x000000003fffffff] ACPI NVS
Mar 14 11:21:02 kernel: [    0.000000] BIOS-e820: [mem 0x00000000fd000000-0x00000000fd7fffff] reserved
Mar 14 11:21:02 kernel: [    0.000000] BIOS-e820: [mem 0x00000000fec00000-0x00000000fec00fff] reserved
Mar 14 11:21:02 kernel: [    0.000000] BIOS-e820: [mem 0x00000000fed00000-0x00000000fed00fff] reserved
Mar 14 11:21:02 kernel: [    0.000000] BIOS-e820: [mem 0x00000000fee00000-0x00000000fee00fff] reserved
Mar 14 11:21:02 kernel: [    0.000000] BIOS-e820: [mem 0x00000000ffc00000-0x00000000ffffffff] reserved
Mar 14 11:21:02 kernel: [    0.000000] NX (Execute Disable) protection: active
Mar 14 11:21:02 kernel: [    0.000000] SMBIOS 2.7 present.
Mar 14 11:21:02 kernel: [    0.000000] DMI: Parallels Software International Inc. Parallels Virtual Platform/Parallels Virtual Platform, BIOS 12.1.1 (41491) 11/15/2016
Mar 14 11:21:02 kernel: [    0.000000] Hypervisor detected: KVM
Mar 14 11:21:02 kernel: [    0.000000] e820: update [mem 0x00000000-0x00000fff] usable ==> reserved
Mar 14 11:21:02 kernel: [    0.000000] e820: remove [mem 0x000a0000-0x000fffff] usable
Mar 14 11:21:02 kernel: [    0.000000] AGP: No AGP bridge found
Mar 14 11:21:02 kernel: [    0.000000] e820: last_pfn = 0x3ffec max_arch_pfn = 0x400000000
Mar 14 11:21:02 kernel: [    0.000000] MTRR default type: uncachable
Mar 14 11:21:02 kernel: [    0.000000] MTRR fixed ranges enabled:
Mar 14 11:21:02 kernel: [    0.000000]   00000-9FFFF write-back
Mar 14 11:21:02 kernel: [    0.000000]   A0000-BFFFF uncachable
Mar 14 11:21:02 kernel: [    0.000000]   C0000-C7FFF write-protect
Mar 14 11:21:02 kernel: [    0.000000]   C8000-EFFFF uncachable
Mar 14 11:21:02 kernel: [    0.000000]   F0000-FFFFF write-protect
Mar 14 11:21:02 kernel: [    0.000000] MTRR variable ranges enabled:
Mar 14 11:21:02 kernel: [    0.000000]   0 base 000000000 mask FC0000000 write-back
Mar 14 11:21:02 kernel: [    0.000000]   1 disabled
Mar 14 11:21:02 kernel: [    0.000000]   2 disabled
Mar 14 11:21:02 kernel: [    0.000000]   3 disabled
Mar 14 11:21:02 kernel: [    0.000000]   4 disabled
Mar 14 11:21:02 kernel: [    0.000000]   5 disabled
Mar 14 11:21:02 kernel: [    0.000000]   6 disabled
Mar 14 11:21:02 kernel: [    0.000000]   7 disabled
Mar 14 11:21:02 kernel: [    0.000000] x86 PAT enabled: cpu 0, old 0x7040600070406, new 0x7010600070106
Mar 14 11:21:02 kernel: [    0.000000] found SMP MP-table at [mem 0x0009fc30-0x0009fc3f] mapped at [ffff88000009fc30]
Mar 14 11:21:02 kernel: [    0.000000] Base memory trampoline at [ffff880000099000] 99000 size 24576
Mar 14 11:21:02 kernel: [    0.000000] init_memory_mapping: [mem 0x00000000-0x000fffff]
Mar 14 11:21:02 kernel: [    0.000000]  [mem 0x00000000-0x000fffff] page 4k
Mar 14 11:21:02 kernel: [    0.000000] BRK [0x01af5000, 0x01af5fff] PGTABLE
Mar 14 11:21:02 kernel: [    0.000000] BRK [0x01af6000, 0x01af6fff] PGTABLE
Mar 14 11:21:02 kernel: [    0.000000] BRK [0x01af7000, 0x01af7fff] PGTABLE
Mar 14 11:21:02 kernel: [    0.000000] init_memory_mapping: [mem 0x3f600000-0x3f7fffff]
Mar 14 11:21:02 kernel: [    0.000000]  [mem 0x3f600000-0x3f7fffff] page 2M
Mar 14 11:21:02 kernel: [    0.000000] init_memory_mapping: [mem 0x3c000000-0x3f5fffff]
Mar 14 11:21:02 kernel: [    0.000000]  [mem 0x3c000000-0x3f5fffff] page 2M
Mar 14 11:21:02 kernel: [    0.000000] init_memory_mapping: [mem 0x00100000-0x3bffffff]
Mar 14 11:21:02 kernel: [    0.000000]  [mem 0x00100000-0x001fffff] page 4k
Mar 14 11:21:02 kernel: [    0.000000]  [mem 0x00200000-0x3bffffff] page 2M
Mar 14 11:21:02 kernel: [    0.000000] init_memory_mapping: [mem 0x3f800000-0x3ffebfff]
Mar 14 11:21:02 kernel: [    0.000000]  [mem 0x3f800000-0x3fdfffff] page 2M
Mar 14 11:21:02 kernel: [    0.000000]  [mem 0x3fe00000-0x3ffebfff] page 4k
Mar 14 11:21:02 kernel: [    0.000000] BRK [0x01af8000, 0x01af8fff] PGTABLE
Mar 14 11:21:02 kernel: [    0.000000] RAMDISK: [mem 0x3f9cc000-0x3ffebfff]
Mar 14 11:21:02 kernel: [    0.000000] ACPI: Early table checksum verification disabled
Mar 14 11:21:02 kernel: [    0.000000] ACPI: RSDP 0x00000000000E0000 000024 (v02 PRLS  )
Mar 14 11:21:02 kernel: [    0.000000] ACPI: XSDT 0x000000003FFF2940 00004C (v01 PRLS   PRLS_OEM 00000001 INTL 20051216)
Mar 14 11:21:02 kernel: [    0.000000] ACPI: FACP 0x000000003FFEE0C0 0000F4 (v03 PRLS   PRLS_OEM 00000001 INTL 20051216)
Mar 14 11:21:02 kernel: [    0.000000] ACPI: DSDT 0x000000003FFEE440 00447A (v02 PRLS   PRLSACPI 00001001 INTL 20051216)
Mar 14 11:21:02 kernel: [    0.000000] ACPI: FACS 0x000000003FFEE1C0 000040
Mar 14 11:21:02 kernel: [    0.000000] ACPI: FACS 0x000000003FFEE1C0 000040
Mar 14 11:21:02 kernel: [    0.000000] ACPI: APIC 0x000000003FFEE200 000216 (v01 PRLS   PRLS_OEM 00000001 INTL 20051216)
Mar 14 11:21:02 kernel: [    0.000000] ACPI: HPET 0x000000003FFF28C0 000038 (v00 PRLS   PRLS_OEM 00000001 INTL 20051216)
Mar 14 11:21:02 kernel: [    0.000000] ACPI: MCFG 0x000000003FFF2900 00003C (v01 PRLS   PRLS_OEM 00000001 INTL 20051216)
Mar 14 11:21:02 kernel: [    0.000000] ACPI: OEM1 0x000000003FFF29C0 000394 (v01 PRLS   PRLS_OEM 00000001 INTL 20051216)
Mar 14 11:21:02 kernel: [    0.000000] ACPI: Local APIC address 0xfee00000
Mar 14 11:21:02 kernel: [    0.000000] No NUMA configuration found
Mar 14 11:21:02 kernel: [    0.000000] Faking a node at [mem 0x0000000000000000-0x000000003ffebfff]
Mar 14 11:21:02 kernel: [    0.000000] Initmem setup node 0 [mem 0x00000000-0x3ffebfff]
Mar 14 11:21:02 kernel: [    0.000000]   NODE_DATA [mem 0x3f9c7000-0x3f9cbfff]
Mar 14 11:21:02 kernel: [    0.000000] kvm-clock: Using msrs 4b564d01 and 4b564d00
Mar 14 11:21:02 kernel: [    0.000000] kvm-clock: cpu 0, msr 0:3f9bf001, primary cpu clock
Mar 14 11:21:02 kernel: [    0.000000]  [ffffea0000000000-ffffea0000dfffff] PMD -> [ffff88003e000000-ffff88003edfffff] on node 0
Mar 14 11:21:02 kernel: [    0.000000] Zone ranges:
Mar 14 11:21:02 kernel: [    0.000000]   DMA      [mem 0x00001000-0x00ffffff]
Mar 14 11:21:02 kernel: [    0.000000]   DMA32    [mem 0x01000000-0xffffffff]
Mar 14 11:21:02 kernel: [    0.000000]   Normal   empty
Mar 14 11:21:02 kernel: [    0.000000] Movable zone start for each node
Mar 14 11:21:02 kernel: [    0.000000] Early memory node ranges
Mar 14 11:21:02 kernel: [    0.000000]   node   0: [mem 0x00001000-0x0009efff]
Mar 14 11:21:02 kernel: [    0.000000]   node   0: [mem 0x00100000-0x3ffebfff]
Mar 14 11:21:02 kernel: [    0.000000] On node 0 totalpages: 262026
Mar 14 11:21:02 kernel: [    0.000000]   DMA zone: 56 pages used for memmap
Mar 14 11:21:02 kernel: [    0.000000]   DMA zone: 21 pages reserved
Mar 14 11:21:02 kernel: [    0.000000]   DMA zone: 3998 pages, LIFO batch:0
Mar 14 11:21:02 kernel: [    0.000000]   DMA32 zone: 3528 pages used for memmap
Mar 14 11:21:02 kernel: [    0.000000]   DMA32 zone: 258028 pages, LIFO batch:31
Mar 14 11:21:02 kernel: [    0.000000] ACPI: PM-Timer IO Port: 0x4008
Mar 14 11:21:02 kernel: [    0.000000] ACPI: Local APIC address 0xfee00000
Mar 14 11:21:02 kernel: [    0.000000] ACPI: LAPIC (acpi_id[0x00] lapic_id[0x00] enabled)
Mar 14 11:21:02 kernel: [    0.000000] ACPI: LAPIC (acpi_id[0x01] lapic_id[0x01] enabled)
Mar 14 11:21:02 kernel: [    0.000000] ACPI: LAPIC (acpi_id[0x02] lapic_id[0x02] disabled)
Mar 14 11:21:02 kernel: [    0.000000] ACPI: LAPIC (acpi_id[0x03] lapic_id[0x03] disabled)
Mar 14 11:21:02 kernel: [    0.000000] ACPI: LAPIC (acpi_id[0x04] lapic_id[0x04] disabled)
Mar 14 11:21:02 kernel: [    0.000000] ACPI: LAPIC (acpi_id[0x05] lapic_id[0x05] disabled)
Mar 14 11:21:02 kernel: [    0.000000] ACPI: LAPIC (acpi_id[0x06] lapic_id[0x06] disabled)
Mar 14 11:21:02 kernel: [    0.000000] ACPI: LAPIC (acpi_id[0x07] lapic_id[0x07] disabled)
Mar 14 11:21:02 kernel: [    0.000000] ACPI: LAPIC (acpi_id[0x08] lapic_id[0x08] disabled)
Mar 14 11:21:02 kernel: [    0.000000] ACPI: LAPIC (acpi_id[0x09] lapic_id[0x09] disabled)
Mar 14 11:21:02 kernel: [    0.000000] ACPI: LAPIC (acpi_id[0x0a] lapic_id[0x0a] disabled)
Mar 14 11:21:02 kernel: [    0.000000] ACPI: LAPIC (acpi_id[0x0b] lapic_id[0x0b] disabled)
Mar 14 11:21:02 kernel: [    0.000000] ACPI: LAPIC (acpi_id[0x0c] lapic_id[0x0c] disabled)
Mar 14 11:21:02 kernel: [    0.000000] ACPI: LAPIC (acpi_id[0x0d] lapic_id[0x0d] disabled)
Mar 14 11:21:02 kernel: [    0.000000] ACPI: LAPIC (acpi_id[0x0e] lapic_id[0x0e] disabled)
Mar 14 11:21:02 kernel: [    0.000000] ACPI: LAPIC (acpi_id[0x0f] lapic_id[0x0f] disabled)
Mar 14 11:21:02 kernel: [    0.000000] ACPI: LAPIC (acpi_id[0x10] lapic_id[0x10] disabled)
Mar 14 11:21:02 kernel: [    0.000000] ACPI: LAPIC (acpi_id[0x11] lapic_id[0x11] disabled)
Mar 14 11:21:02 kernel: [    0.000000] ACPI: LAPIC (acpi_id[0x12] lapic_id[0x12] disabled)
Mar 14 11:21:02 kernel: [    0.000000] ACPI: LAPIC (acpi_id[0x13] lapic_id[0x13] disabled)
Mar 14 11:21:02 kernel: [    0.000000] ACPI: LAPIC (acpi_id[0x14] lapic_id[0x14] disabled)
Mar 14 11:21:02 kernel: [    0.000000] ACPI: LAPIC (acpi_id[0x15] lapic_id[0x15] disabled)
Mar 14 11:21:02 kernel: [    0.000000] ACPI: LAPIC (acpi_id[0x16] lapic_id[0x16] disabled)
Mar 14 11:21:02 kernel: [    0.000000] ACPI: LAPIC (acpi_id[0x17] lapic_id[0x17] disabled)
Mar 14 11:21:02 kernel: [    0.000000] ACPI: LAPIC (acpi_id[0x18] lapic_id[0x18] disabled)
Mar 14 11:21:02 kernel: [    0.000000] ACPI: LAPIC (acpi_id[0x19] lapic_id[0x19] disabled)
Mar 14 11:21:02 kernel: [    0.000000] ACPI: LAPIC (acpi_id[0x1a] lapic_id[0x1a] disabled)
Mar 14 11:21:02 kernel: [    0.000000] ACPI: LAPIC (acpi_id[0x1b] lapic_id[0x1b] disabled)
Mar 14 11:21:02 kernel: [    0.000000] ACPI: LAPIC (acpi_id[0x1c] lapic_id[0x1c] disabled)
Mar 14 11:21:02 kernel: [    0.000000] ACPI: LAPIC (acpi_id[0x1d] lapic_id[0x1d] disabled)
Mar 14 11:21:02 kernel: [    0.000000] ACPI: LAPIC (acpi_id[0x1e] lapic_id[0x1e] disabled)
Mar 14 11:21:02 kernel: [    0.000000] ACPI: LAPIC (acpi_id[0x1f] lapic_id[0x1f] disabled)
Mar 14 11:21:02 kernel: [    0.000000] ACPI: LAPIC_NMI (acpi_id[0x00] high edge lint[0x1])
Mar 14 11:21:02 kernel: [    0.000000] ACPI: LAPIC_NMI (acpi_id[0x01] high edge lint[0x1])
Mar 14 11:21:02 kernel: [    0.000000] ACPI: LAPIC_NMI (acpi_id[0x02] high edge lint[0x1])
Mar 14 11:21:02 kernel: [    0.000000] ACPI: LAPIC_NMI (acpi_id[0x03] high edge lint[0x1])
Mar 14 11:21:02 kernel: [    0.000000] ACPI: LAPIC_NMI (acpi_id[0x04] high edge lint[0x1])
Mar 14 11:21:02 kernel: [    0.000000] ACPI: LAPIC_NMI (acpi_id[0x05] high edge lint[0x1])
Mar 14 11:21:02 kernel: [    0.000000] ACPI: LAPIC_NMI (acpi_id[0x06] high edge lint[0x1])
Mar 14 11:21:02 kernel: [    0.000000] ACPI: LAPIC_NMI (acpi_id[0x07] high edge lint[0x1])
Mar 14 11:21:02 kernel: [    0.000000] ACPI: LAPIC_NMI (acpi_id[0x08] high edge lint[0x1])
Mar 14 11:21:02 kernel: [    0.000000] ACPI: LAPIC_NMI (acpi_id[0x09] high edge lint[0x1])
Mar 14 11:21:02 kernel: [    0.000000] ACPI: LAPIC_NMI (acpi_id[0x0a] high edge lint[0x1])
Mar 14 11:21:02 kernel: [    0.000000] ACPI: LAPIC_NMI (acpi_id[0x0b] high edge lint[0x1])
Mar 14 11:21:02 kernel: [    0.000000] ACPI: LAPIC_NMI (acpi_id[0x0c] high edge lint[0x1])
Mar 14 11:21:02 kernel: [    0.000000] ACPI: LAPIC_NMI (acpi_id[0x0d] high edge lint[0x1])
Mar 14 11:21:02 kernel: [    0.000000] ACPI: LAPIC_NMI (acpi_id[0x0e] high edge lint[0x1])
Mar 14 11:21:02 kernel: [    0.000000] ACPI: LAPIC_NMI (acpi_id[0x0f] high edge lint[0x1])
Mar 14 11:21:02 kernel: [    0.000000] ACPI: LAPIC_NMI (acpi_id[0x10] high edge lint[0x1])
Mar 14 11:21:02 kernel: [    0.000000] ACPI: LAPIC_NMI (acpi_id[0x11] high edge lint[0x1])
Mar 14 11:21:02 kernel: [    0.000000] ACPI: LAPIC_NMI (acpi_id[0x12] high edge lint[0x1])
Mar 14 11:21:02 kernel: [    0.000000] ACPI: LAPIC_NMI (acpi_id[0x13] high edge lint[0x1])
Mar 14 11:21:02 kernel: [    0.000000] ACPI: LAPIC_NMI (acpi_id[0x14] high edge lint[0x1])
Mar 14 11:21:02 kernel: [    0.000000] ACPI: LAPIC_NMI (acpi_id[0x15] high edge lint[0x1])
Mar 14 11:21:02 kernel: [    0.000000] ACPI: LAPIC_NMI (acpi_id[0x16] high edge lint[0x1])
Mar 14 11:21:02 kernel: [    0.000000] ACPI: LAPIC_NMI (acpi_id[0x17] high edge lint[0x1])
Mar 14 11:21:02 kernel: [    0.000000] ACPI: LAPIC_NMI (acpi_id[0x18] high edge lint[0x1])
Mar 14 11:21:02 kernel: [    0.000000] ACPI: LAPIC_NMI (acpi_id[0x19] high edge lint[0x1])
Mar 14 11:21:02 kernel: [    0.000000] ACPI: LAPIC_NMI (acpi_id[0x1a] high edge lint[0x1])
Mar 14 11:21:02 kernel: [    0.000000] ACPI: LAPIC_NMI (acpi_id[0x1b] high edge lint[0x1])
Mar 14 11:21:02 kernel: [    0.000000] ACPI: LAPIC_NMI (acpi_id[0x1c] high edge lint[0x1])
Mar 14 11:21:02 kernel: [    0.000000] ACPI: LAPIC_NMI (acpi_id[0x1d] high edge lint[0x1])
Mar 14 11:21:02 kernel: [    0.000000] ACPI: LAPIC_NMI (acpi_id[0x1e] high edge lint[0x1])
Mar 14 11:21:02 kernel: [    0.000000] ACPI: LAPIC_NMI (acpi_id[0x1f] high edge lint[0x1])
Mar 14 11:21:02 kernel: [    0.000000] ACPI: IOAPIC (id[0x00] address[0xfec00000] gsi_base[0])
Mar 14 11:21:02 kernel: [    0.000000] IOAPIC[0]: apic_id 0, version 2, address 0xfec00000, GSI 0-23
Mar 14 11:21:02 kernel: [    0.000000] ACPI: INT_SRC_OVR (bus 0 bus_irq 0 global_irq 2 dfl dfl)
Mar 14 11:21:02 kernel: [    0.000000] ACPI: INT_SRC_OVR (bus 0 bus_irq 14 global_irq 14 dfl edge)
Mar 14 11:21:02 kernel: [    0.000000] ACPI: INT_SRC_OVR (bus 0 bus_irq 15 global_irq 15 dfl edge)
Mar 14 11:21:02 kernel: [    0.000000] ACPI: IRQ0 used by override.
Mar 14 11:21:02 kernel: [    0.000000] ACPI: IRQ2 used by override.
Mar 14 11:21:02 kernel: [    0.000000] ACPI: IRQ9 used by override.
Mar 14 11:21:02 kernel: [    0.000000] ACPI: IRQ14 used by override.
Mar 14 11:21:02 kernel: [    0.000000] ACPI: IRQ15 used by override.
Mar 14 11:21:02 kernel: [    0.000000] Using ACPI (MADT) for SMP configuration information
Mar 14 11:21:02 kernel: [    0.000000] ACPI: HPET id: 0x8086a701 base: 0xfed00000
Mar 14 11:21:02 kernel: [    0.000000] smpboot: Allowing 32 CPUs, 30 hotplug CPUs
Mar 14 11:21:02 kernel: [    0.000000] nr_irqs_gsi: 40
Mar 14 11:21:02 kernel: [    0.000000] PM: Registered nosave memory: [mem 0x0009f000-0x0009ffff]
Mar 14 11:21:02 kernel: [    0.000000] PM: Registered nosave memory: [mem 0x000a0000-0x000dbfff]
Mar 14 11:21:02 kernel: [    0.000000] PM: Registered nosave memory: [mem 0x000dc000-0x000fffff]
Mar 14 11:21:02 kernel: [    0.000000] e820: [mem 0x40000000-0xfcffffff] available for PCI devices
Mar 14 11:21:02 kernel: [    0.000000] Booting paravirtualized kernel on KVM
Mar 14 11:21:02 kernel: [    0.000000] setup_percpu: NR_CPUS:512 nr_cpumask_bits:512 nr_cpu_ids:32 nr_node_ids:1
Mar 14 11:21:02 kernel: [    0.000000] PERCPU: Embedded 27 pages/cpu @ffff88003dc00000 s80960 r8192 d21440 u131072
Mar 14 11:21:02 kernel: [    0.000000] pcpu-alloc: s80960 r8192 d21440 u131072 alloc=1*2097152
Mar 14 11:21:02 kernel: [    0.000000] pcpu-alloc: [0] 00 01 02 03 04 05 06 07 08 09 10 11 12 13 14 15 
Mar 14 11:21:02 kernel: [    0.000000] pcpu-alloc: [0] 16 17 18 19 20 21 22 23 24 25 26 27 28 29 30 31 
Mar 14 11:21:02 kernel: [    0.000000] Built 1 zonelists in Node order, mobility grouping on.  Total pages: 258421
Mar 14 11:21:02 kernel: [    0.000000] Policy zone: DMA32
Mar 14 11:21:02 kernel: [    0.000000] Kernel command line: BOOT_IMAGE=/install.amd/vmlinuz vga=788 initrd=/install.amd/initrd.gz --- quiet 
Mar 14 11:21:02 kernel: [    0.000000] PID hash table entries: 4096 (order: 3, 32768 bytes)
Mar 14 11:21:02 kernel: [    0.000000] xsave: enabled xstate_bv 0x7, cntxt size 0x340
Mar 14 11:21:02 kernel: [    0.000000] AGP: Checking aperture...
Mar 14 11:21:02 kernel: [    0.000000] AGP: No AGP bridge found
Mar 14 11:21:02 kernel: [    0.000000] Calgary: detecting Calgary via BIOS EBDA area
Mar 14 11:21:02 kernel: [    0.000000] Calgary: Unable to locate Rio Grande table in EBDA - bailing!
Mar 14 11:21:02 kernel: [    0.000000] Memory: 1012404K/1048104K available (5247K kernel code, 947K rwdata, 1832K rodata, 1208K init, 840K bss, 35700K reserved)
Mar 14 11:21:02 kernel: [    0.000000] Hierarchical RCU implementation.
Mar 14 11:21:02 kernel: [    0.000000] 	RCU dyntick-idle grace-period acceleration is enabled.
Mar 14 11:21:02 kernel: [    0.000000] 	RCU restricting CPUs from NR_CPUS=512 to nr_cpu_ids=32.
Mar 14 11:21:02 kernel: [    0.000000] RCU: Adjusting geometry for rcu_fanout_leaf=16, nr_cpu_ids=32
Mar 14 11:21:02 kernel: [    0.000000] NR_IRQS:33024 nr_irqs:936 16
Mar 14 11:21:02 kernel: [    0.000000] Console: colour dummy device 80x25
Mar 14 11:21:02 kernel: [    0.000000] console [tty0] enabled
Mar 14 11:21:02 kernel: [    0.000000] hpet clockevent registered
Mar 14 11:21:02 kernel: [    0.000000] tsc: Detected 2194.998 MHz processor
Mar 14 11:21:02 kernel: [    4.159814] Calibrating delay loop (skipped) preset value.. 4389.99 BogoMIPS (lpj=8779992)
Mar 14 11:21:02 kernel: [    4.159818] pid_max: default: 32768 minimum: 301
Mar 14 11:21:02 kernel: [    4.159822] ACPI: Core revision 20140424
Mar 14 11:21:02 kernel: [    4.160828] ACPI: All ACPI Tables successfully acquired
Mar 14 11:21:02 kernel: [    4.160847] Security Framework initialized
Mar 14 11:21:02 kernel: [    4.160851] AppArmor: AppArmor disabled by boot time parameter
Mar 14 11:21:02 kernel: [    4.160855] Yama: disabled by default; enable with sysctl kernel.yama.*
Mar 14 11:21:02 kernel: [    4.160859] Dentry cache hash table entries: 131072 (order: 8, 1048576 bytes)
Mar 14 11:21:02 kernel: [    4.160863] Inode-cache hash table entries: 65536 (order: 7, 524288 bytes)
Mar 14 11:21:02 kernel: [    4.160867] Mount-cache hash table entries: 2048 (order: 2, 16384 bytes)
Mar 14 11:21:02 kernel: [    4.160871] Mountpoint-cache hash table entries: 2048 (order: 2, 16384 bytes)
Mar 14 11:21:02 kernel: [    4.160875] Initializing cgroup subsys memory
Mar 14 11:21:02 kernel: [    4.160879] Initializing cgroup subsys devices
Mar 14 11:21:02 kernel: [    4.160883] Initializing cgroup subsys freezer
Mar 14 11:21:02 kernel: [    4.160887] Initializing cgroup subsys net_cls
Mar 14 11:21:02 kernel: [    4.160891] Initializing cgroup subsys blkio
Mar 14 11:21:02 kernel: [    4.160895] Initializing cgroup subsys perf_event
Mar 14 11:21:02 kernel: [    4.160899] Initializing cgroup subsys net_prio
Mar 14 11:21:02 kernel: [    4.160903] Disabled fast string operations
Mar 14 11:21:02 kernel: [    4.160907] CPU: Physical Processor ID: 0
Mar 14 11:21:02 kernel: [    4.160910] CPU: Processor Core ID: 0
Mar 14 11:21:02 kernel: [    4.160914] mce: CPU supports 0 MCE banks
Mar 14 11:21:02 kernel: [    4.160927] Last level iTLB entries: 4KB 512, 2MB 8, 4MB 8
Mar 14 11:21:02 kernel: [    4.160927] Last level dTLB entries: 4KB 512, 2MB 32, 4MB 32, 1GB 0
Mar 14 11:21:02 kernel: [    4.160927] tlb_flushall_shift: 6
Mar 14 11:21:02 kernel: [    4.160931] Freeing SMP alternatives memory: 20K (ffffffff81a1c000 - ffffffff81a21000)
Mar 14 11:21:02 kernel: [    4.160975] ftrace: allocating 21701 entries in 85 pages
Mar 14 11:21:02 kernel: [    4.164011] Enabling x2apic
Mar 14 11:21:02 kernel: [    4.164015] Enabled x2apic
Mar 14 11:21:02 kernel: [    4.164019] Switched APIC routing to physical x2apic.
Mar 14 11:21:02 kernel: [    4.164198] ..TIMER: vector=0x30 apic1=0 pin1=2 apic2=-1 pin2=-1
Mar 14 11:21:02 kernel: [    4.164202] smpboot: CPU0: Intel(R) Core(TM) i7-2675QM CPU @ 2.20GHz (fam: 06, model: 2a, stepping: 07)
Mar 14 11:21:02 kernel: [    4.164206] TSC deadline timer enabled
Mar 14 11:21:02 kernel: [    4.164214] Performance Events: unsupported p6 CPU model 42 no PMU driver, software events only.
Mar 14 11:21:02 kernel: [    4.166168] NMI watchdog: disabled (cpu0): hardware events not enabled
Mar 14 11:21:02 kernel: [    4.166894] x86: Booting SMP configuration:
Mar 14 11:21:02 kernel: [    4.166898] .... node  #0, CPUs:        #1
Mar 14 11:21:02 kernel: [    4.177357] kvm-clock: cpu 1, msr 0:3f9bf041, secondary cpu clock
Mar 14 11:21:02 kernel: [    4.178190] Disabled fast string operations
Mar 14 11:21:02 kernel: [    4.178265] mce: CPU supports 0 MCE banks
Mar 14 11:21:02 kernel: [    4.180509] x86: Booted up 1 node, 2 CPUs
Mar 14 11:21:02 kernel: [    4.180513] smpboot: Total of 2 processors activated (8779.99 BogoMIPS)
Mar 14 11:21:02 kernel: [    4.180921] devtmpfs: initialized
Mar 14 11:21:02 kernel: [    4.188572] PM: Registering ACPI NVS region [mem 0x3fffb000-0x3fffffff] (20480 bytes)
Mar 14 11:21:02 kernel: [    4.188802] pinctrl core: initialized pinctrl subsystem
Mar 14 11:21:02 kernel: [    4.188818] NET: Registered protocol family 16
Mar 14 11:21:02 kernel: [    4.188822] cpuidle: using governor ladder
Mar 14 11:21:02 kernel: [    4.188826] cpuidle: using governor menu
Mar 14 11:21:02 kernel: [    4.188830] ACPI: bus type PCI registered
Mar 14 11:21:02 kernel: [    4.188834] acpiphp: ACPI Hot Plug PCI Controller Driver version: 0.5
Mar 14 11:21:02 kernel: [    4.188854] PCI: MMCONFIG for domain 0000 [bus 00-0f] at [mem 0xfc000000-0xfcffffff] (base 0xfc000000)
Mar 14 11:21:02 kernel: [    4.188858] PCI: not using MMCONFIG
Mar 14 11:21:02 kernel: [    4.188862] PCI: Using configuration type 1 for base access
Mar 14 11:21:02 kernel: [    4.209443] ACPI: Added _OSI(Module Device)
Mar 14 11:21:02 kernel: [    4.209447] ACPI: Added _OSI(Processor Device)
Mar 14 11:21:02 kernel: [    4.209451] ACPI: Added _OSI(3.0 _SCP Extensions)
Mar 14 11:21:02 kernel: [    4.209455] ACPI: Added _OSI(Processor Aggregator Device)
Mar 14 11:21:02 kernel: [    4.212585] ACPI: Executed 1 blocks of module-level executable AML code
Mar 14 11:21:02 kernel: [    4.224621] \_SB_:_OSC invalid UUID
Mar 14 11:21:02 kernel: [    4.224625] _OSC request data:1 1f 
Mar 14 11:21:02 kernel: [    4.224629] ACPI: Interpreter enabled
Mar 14 11:21:02 kernel: [    4.224633] ACPI Exception: AE_NOT_FOUND, While evaluating Sleep State [\_S1_] (20140424/hwxface-580)
Mar 14 11:21:02 kernel: [    4.224637] ACPI Exception: AE_NOT_FOUND, While evaluating Sleep State [\_S2_] (20140424/hwxface-580)
Mar 14 11:21:02 kernel: [    4.224641] ACPI: (supports S0 S3 S4 S5)
Mar 14 11:21:02 kernel: [    4.224645] ACPI: Using IOAPIC for interrupt routing
Mar 14 11:21:02 kernel: [    4.224649] PCI: MMCONFIG for domain 0000 [bus 00-0f] at [mem 0xfc000000-0xfcffffff] (base 0xfc000000)
Mar 14 11:21:02 kernel: [    4.224653] PCI: MMCONFIG at [mem 0xfc000000-0xfcffffff] reserved in ACPI motherboard resources
Mar 14 11:21:02 kernel: [    4.224657] PCI: Using host bridge windows from ACPI; if necessary, use "pci=nocrs" and report a bug
Mar 14 11:21:02 kernel: [    4.240659] ACPI: PCI Root Bridge [PCI0] (domain 0000 [bus 00-7f])
Mar 14 11:21:02 kernel: [    4.240663] acpi PNP0A08:00: _OSC: OS supports [ExtendedConfig ASPM ClockPM Segments MSI]
Mar 14 11:21:02 kernel: [    4.240667] acpi PNP0A08:00: _OSC failed (AE_NOT_FOUND); disabling ASPM
Mar 14 11:21:02 kernel: [    4.240671] acpi PNP0A08:00: ignoring host bridge window [mem 0x000d0000-0x000dffff] (conflicts with reserved [mem 0x000dc000-0x000fffff])
Mar 14 11:21:02 kernel: [    4.240675] acpi PNP0A08:00: [Firmware Info]: MMCONFIG for domain 0000 [bus 00-0f] only partially covers this bridge
Mar 14 11:21:02 kernel: [    4.240679] PCI host bridge to bus 0000:00
Mar 14 11:21:02 kernel: [    4.240683] pci_bus 0000:00: root bus resource [bus 00-7f]
Mar 14 11:21:02 kernel: [    4.240687] pci_bus 0000:00: root bus resource [io  0x0000-0x0cf7]
Mar 14 11:21:02 kernel: [    4.240691] pci_bus 0000:00: root bus resource [io  0x0d00-0xffff]
Mar 14 11:21:02 kernel: [    4.240695] pci_bus 0000:00: root bus resource [mem 0x000a0000-0x000bffff]
Mar 14 11:21:02 kernel: [    4.240699] pci_bus 0000:00: root bus resource [mem 0x000c0000-0x000cffff]
Mar 14 11:21:02 kernel: [    4.240703] pci_bus 0000:00: root bus resource [mem 0xb0000000-0xfbffffff]
Mar 14 11:21:02 kernel: [    4.240707] pci_bus 0000:00: root bus resource [mem 0xfd000000-0xfd7fffff]
Mar 14 11:21:02 kernel: [    4.240711] pci 0000:00:00.0: [8086:29a0] type 00 class 0x060000
Mar 14 11:21:02 kernel: [    4.240785] pci 0000:00:01.0: [8086:2981] type 01 class 0x060401
Mar 14 11:21:02 kernel: [    4.240849] pci 0000:00:01.0: PME# supported from D0 D3hot D3cold
Mar 14 11:21:02 kernel: [    4.240853] pci 0000:00:03.0: [1ab8:4000] type 00 class 0xff0000
Mar 14 11:21:02 kernel: [    4.240877] pci 0000:00:03.0: reg 0x10: [io  0x8000-0x801f]
Mar 14 11:21:02 kernel: [    4.241061] pci 0000:00:05.0: [1af4:1000] type 00 class 0x020000
Mar 14 11:21:02 kernel: [    4.241085] pci 0000:00:05.0: reg 0x10: [io  0x8200-0x823f]
Mar 14 11:21:02 kernel: [    4.241105] pci 0000:00:05.0: reg 0x14: [mem 0xee000000-0xee000fff]
Mar 14 11:21:02 kernel: [    4.241219] pci 0000:00:0a.0: [1011:0022] type 01 class 0x060400
Mar 14 11:21:02 kernel: [    4.241343] pci 0000:00:0e.0: [1af4:1002] type 00 class 0x050000
Mar 14 11:21:02 kernel: [    4.241367] pci 0000:00:0e.0: reg 0x10: [io  0xb000-0xb01f]
Mar 14 11:21:02 kernel: [    4.241491] pci 0000:00:1d.0: [8086:2658] type 00 class 0x0c0300
Mar 14 11:21:02 kernel: [    4.241695] pci 0000:00:1d.0: reg 0x20: [io  0xb200-0xb21f]
Mar 14 11:21:02 kernel: [    4.244651] pci 0000:00:1d.6: [1033:0194] type 00 class 0x0c0330
Mar 14 11:21:02 kernel: [    4.244655] pci 0000:00:1d.6: reg 0x10: [mem 0xef100000-0xef100fff]
Mar 14 11:21:02 kernel: [    4.244659] pci 0000:00:1d.7: [8086:265c] type 00 class 0x0c0320
Mar 14 11:21:02 kernel: [    4.244663] pci 0000:00:1d.7: reg 0x10: [mem 0xef140000-0xef1403ff]
Mar 14 11:21:02 kernel: [    4.244667] pci 0000:00:1e.0: [8086:244e] type 01 class 0x060400
Mar 14 11:21:02 kernel: [    4.244671] pci 0000:00:1f.0: [8086:2810] type 00 class 0x060100
Mar 14 11:21:02 kernel: [    4.244675] pci 0000:00:1f.0: quirk: [io  0x4000-0x407f] claimed by ICH6 ACPI/GPIO/TCO
Mar 14 11:21:02 kernel: [    4.244679] pci 0000:00:1f.1: [8086:244b] type 00 class 0x010180
Mar 14 11:21:02 kernel: [    4.244683] pci 0000:00:1f.1: reg 0x20: [io  0xe000-0xe00f]
Mar 14 11:21:02 kernel: [    4.244687] pci 0000:00:1f.1: legacy IDE quirk: reg 0x10: [io  0x01f0-0x01f7]
Mar 14 11:21:02 kernel: [    4.244690] pci 0000:00:1f.1: legacy IDE quirk: reg 0x14: [io  0x03f6]
Mar 14 11:21:02 kernel: [    4.244692] pci 0000:00:1f.1: legacy IDE quirk: reg 0x18: [io  0x0170-0x0177]
Mar 14 11:21:02 kernel: [    4.244694] pci 0000:00:1f.1: legacy IDE quirk: reg 0x1c: [io  0x0376]
Mar 14 11:21:02 kernel: [    4.244698] pci 0000:00:1f.2: [8086:2821] type 00 class 0x010601
Mar 14 11:21:02 kernel: [    4.244702] pci 0000:00:1f.2: reg 0x10: [io  0xe200-0xe207]
Mar 14 11:21:02 kernel: [    4.244706] pci 0000:00:1f.2: reg 0x14: [io  0xe400-0xe403]
Mar 14 11:21:02 kernel: [    4.244710] pci 0000:00:1f.2: reg 0x18: [io  0xe600-0xe607]
Mar 14 11:21:02 kernel: [    4.244714] pci 0000:00:1f.2: reg 0x1c: [io  0xe800-0xe803]
Mar 14 11:21:02 kernel: [    4.244718] pci 0000:00:1f.2: reg 0x20: [io  0xea00-0xea0f]
Mar 14 11:21:02 kernel: [    4.244722] pci 0000:00:1f.2: reg 0x24: [mem 0xf0200000-0xf0201fff]
Mar 14 11:21:02 kernel: [    4.244726] pci 0000:00:1f.2: PME# supported from D3hot
Mar 14 11:21:02 kernel: [    4.244730] pci 0000:00:1f.3: [8086:283e] type 00 class 0x0c0500
Mar 14 11:21:02 kernel: [    4.244734] pci 0000:00:1f.3: reg 0x10: [mem 0xf0240000-0xf0240fff]
Mar 14 11:21:02 kernel: [    4.244738] pci 0000:00:1f.3: reg 0x20: [io  0xec00-0xec1f]
Mar 14 11:21:02 kernel: [    4.244742] pci 0000:00:1f.4: [8086:2445] type 00 class 0x040100
Mar 14 11:21:02 kernel: [    4.244746] pci 0000:00:1f.4: reg 0x10: [io  0xee00-0xeeff]
Mar 14 11:21:02 kernel: [    4.244750] pci 0000:00:1f.4: reg 0x14: [io  0xf000-0xf0ff]
Mar 14 11:21:02 kernel: [    4.244754] pci 0000:01:00.0: [1ab8:4005] type 00 class 0x030000
Mar 14 11:21:02 kernel: [    4.244758] pci 0000:01:00.0: reg 0x10: [io  0x6000-0x601f]
Mar 14 11:21:02 kernel: [    4.244762] pci 0000:01:00.0: reg 0x14: [mem 0xb0000000-0xb3ffffff pref]
Mar 14 11:21:02 kernel: [    4.244766] pci 0000:01:00.0: reg 0x30: [mem 0xe2000000-0xe200ffff pref]
Mar 14 11:21:02 kernel: [    4.244770] pci 0000:00:01.0: PCI bridge to [bus 01] (subtractive decode)
Mar 14 11:21:02 kernel: [    4.244774] pci 0000:00:01.0:   bridge window [io  0x6000-0x7fff]
Mar 14 11:21:02 kernel: [    4.244778] pci 0000:00:01.0:   bridge window [mem 0xe2000000-0xedffffff]
Mar 14 11:21:02 kernel: [    4.244782] pci 0000:00:01.0:   bridge window [mem 0xb0000000-0xdfffffff 64bit pref]
Mar 14 11:21:02 kernel: [    4.244786] pci 0000:00:01.0:   bridge window [io  0x0000-0x0cf7] (subtractive decode)
Mar 14 11:21:02 kernel: [    4.244790] pci 0000:00:01.0:   bridge window [io  0x0d00-0xffff] (subtractive decode)
Mar 14 11:21:02 kernel: [    4.244792] pci 0000:00:01.0:   bridge window [mem 0x000a0000-0x000bffff] (subtractive decode)
Mar 14 11:21:02 kernel: [    4.244795] pci 0000:00:01.0:   bridge window [mem 0x000c0000-0x000cffff] (subtractive decode)
Mar 14 11:21:02 kernel: [    4.244797] pci 0000:00:01.0:   bridge window [mem 0xb0000000-0xfbffffff] (subtractive decode)
Mar 14 11:21:02 kernel: [    4.244799] pci 0000:00:01.0:   bridge window [mem 0xfd000000-0xfd7fffff] (subtractive decode)
Mar 14 11:21:02 kernel: [    4.244803] pci 0000:00:0a.0: PCI bridge to [bus 02]
Mar 14 11:21:02 kernel: [    4.244807] pci 0000:00:0a.0:   bridge window [io  0x9000-0xafff]
Mar 14 11:21:02 kernel: [    4.244811] pci 0000:00:0a.0:   bridge window [mem 0xee100000-0xef0fffff]
Mar 14 11:21:02 kernel: [    4.244815] pci 0000:00:0a.0:   bridge window [mem 0xe0000000-0xe0ffffff pref]
Mar 14 11:21:02 kernel: [    4.244819] pci 0000:00:1e.0: PCI bridge to [bus 03] (subtractive decode)
Mar 14 11:21:02 kernel: [    4.244823] pci 0000:00:1e.0:   bridge window [io  0xc000-0xdfff]
Mar 14 11:21:02 kernel: [    4.244827] pci 0000:00:1e.0:   bridge window [mem 0xef200000-0xf01fffff]
Mar 14 11:21:02 kernel: [    4.244831] pci 0000:00:1e.0:   bridge window [mem 0xe1000000-0xe1ffffff 64bit pref]
Mar 14 11:21:02 kernel: [    4.244834] pci 0000:00:1e.0:   bridge window [io  0x0000-0x0cf7] (subtractive decode)
Mar 14 11:21:02 kernel: [    4.244836] pci 0000:00:1e.0:   bridge window [io  0x0d00-0xffff] (subtractive decode)
Mar 14 11:21:02 kernel: [    4.244839] pci 0000:00:1e.0:   bridge window [mem 0x000a0000-0x000bffff] (subtractive decode)
Mar 14 11:21:02 kernel: [    4.244841] pci 0000:00:1e.0:   bridge window [mem 0x000c0000-0x000cffff] (subtractive decode)
Mar 14 11:21:02 kernel: [    4.244843] pci 0000:00:1e.0:   bridge window [mem 0xb0000000-0xfbffffff] (subtractive decode)
Mar 14 11:21:02 kernel: [    4.244846] pci 0000:00:1e.0:   bridge window [mem 0xfd000000-0xfd7fffff] (subtractive decode)
Mar 14 11:21:02 kernel: [    4.244850] ACPI Exception: AE_NOT_FOUND, Evaluating _PRS (20140424/pci_link-178)
Mar 14 11:21:02 kernel: [    4.249029] ACPI: Enabled 3 GPEs in block 00 to 0F
Mar 14 11:21:02 kernel: [    4.249033] ACPI : EC: GPE = 0xa, I/O: command/status = 0x66, data = 0x62
Mar 14 11:21:02 kernel: [    4.249073] vgaarb: setting as boot device: PCI:0000:01:00.0
Mar 14 11:21:02 kernel: [    4.249077] vgaarb: device added: PCI:0000:01:00.0,decodes=io+mem,owns=io+mem,locks=none
Mar 14 11:21:02 kernel: [    4.249081] vgaarb: loaded
Mar 14 11:21:02 kernel: [    4.249085] vgaarb: bridge control possible 0000:01:00.0
Mar 14 11:21:02 kernel: [    4.249089] PCI: Using ACPI for IRQ routing
Mar 14 11:21:02 kernel: [    4.249103] PCI: pci_cache_line_size set to 64 bytes
Mar 14 11:21:02 kernel: [    4.249107] e820: reserve RAM buffer [mem 0x0009fc00-0x0009ffff]
Mar 14 11:21:02 kernel: [    4.249111] e820: reserve RAM buffer [mem 0x3ffec000-0x3fffffff]
Mar 14 11:21:02 kernel: [    4.253062] hpet0: at MMIO 0xfed00000, IRQs 2, 8, 0, 0, 0, 0, 0, 0
Mar 14 11:21:02 kernel: [    4.253066] hpet0: 8 comparators, 64-bit 16.000000 MHz counter
Mar 14 11:21:02 kernel: [    4.255078] amd_nb: Cannot enumerate AMD northbridges
Mar 14 11:21:02 kernel: [    4.255102] Switched to clocksource kvm-clock
Mar 14 11:21:02 kernel: [    4.307156] pnp: PnP ACPI init
Mar 14 11:21:02 kernel: [    4.307160] ACPI: bus type PNP registered
Mar 14 11:21:02 kernel: [    4.307164] pnp 00:00: Plug and Play ACPI device, IDs PNP0303 (active)
Mar 14 11:21:02 kernel: [    4.307168] pnp 00:01: Plug and Play ACPI device, IDs PNP0f03 (active)
Mar 14 11:21:02 kernel: [    4.307172] pnp 00:02: Plug and Play ACPI device, IDs PNP0b00 (active)
Mar 14 11:21:02 kernel: [    4.307176] system 00:03: [mem 0xff000000-0xffffffff] could not be reserved
Mar 14 11:21:02 kernel: [    4.307180] system 00:03: Plug and Play ACPI device, IDs PNP0c01 (active)
Mar 14 11:21:02 kernel: [    4.307184] system 00:04: [io  0x04d0-0x04d1] has been reserved
Mar 14 11:21:02 kernel: [    4.307188] system 00:04: [mem 0xfc000000-0xfcffffff] has been reserved
Mar 14 11:21:02 kernel: [    4.307192] system 00:04: Plug and Play ACPI device, IDs PNP0c02 (active)
Mar 14 11:21:02 kernel: [    4.313329] pnp: PnP ACPI: found 5 devices
Mar 14 11:21:02 kernel: [    4.313333] ACPI: bus type PNP unregistered
Mar 14 11:21:02 kernel: [    4.323260] pci 0000:00:01.0: PCI bridge to [bus 01]
Mar 14 11:21:02 kernel: [    4.323264] pci 0000:00:01.0:   bridge window [io  0x6000-0x7fff]
Mar 14 11:21:02 kernel: [    4.323294] pci 0000:00:01.0:   bridge window [mem 0xe2000000-0xedffffff]
Mar 14 11:21:02 kernel: [    4.323318] pci 0000:00:01.0:   bridge window [mem 0xb0000000-0xdfffffff 64bit pref]
Mar 14 11:21:02 kernel: [    4.323358] pci 0000:00:0a.0: PCI bridge to [bus 02]
Mar 14 11:21:02 kernel: [    4.323362] pci 0000:00:0a.0:   bridge window [io  0x9000-0xafff]
Mar 14 11:21:02 kernel: [    4.323392] pci 0000:00:0a.0:   bridge window [mem 0xee100000-0xef0fffff]
Mar 14 11:21:02 kernel: [    4.323416] pci 0000:00:0a.0:   bridge window [mem 0xe0000000-0xe0ffffff pref]
Mar 14 11:21:02 kernel: [    4.323460] pci 0000:00:1e.0: PCI bridge to [bus 03]
Mar 14 11:21:02 kernel: [    4.323464] pci 0000:00:1e.0:   bridge window [io  0xc000-0xdfff]
Mar 14 11:21:02 kernel: [    4.323494] pci 0000:00:1e.0:   bridge window [mem 0xef200000-0xf01fffff]
Mar 14 11:21:02 kernel: [    4.323514] pci 0000:00:1e.0:   bridge window [mem 0xe1000000-0xe1ffffff 64bit pref]
Mar 14 11:21:02 kernel: [    4.323554] pci_bus 0000:00: resource 4 [io  0x0000-0x0cf7]
Mar 14 11:21:02 kernel: [    4.323558] pci_bus 0000:00: resource 5 [io  0x0d00-0xffff]
Mar 14 11:21:02 kernel: [    4.323562] pci_bus 0000:00: resource 6 [mem 0x000a0000-0x000bffff]
Mar 14 11:21:02 kernel: [    4.323566] pci_bus 0000:00: resource 7 [mem 0x000c0000-0x000cffff]
Mar 14 11:21:02 kernel: [    4.323570] pci_bus 0000:00: resource 8 [mem 0xb0000000-0xfbffffff]
Mar 14 11:21:02 kernel: [    4.323574] pci_bus 0000:00: resource 9 [mem 0xfd000000-0xfd7fffff]
Mar 14 11:21:02 kernel: [    4.323578] pci_bus 0000:01: resource 0 [io  0x6000-0x7fff]
Mar 14 11:21:02 kernel: [    4.323582] pci_bus 0000:01: resource 1 [mem 0xe2000000-0xedffffff]
Mar 14 11:21:02 kernel: [    4.323586] pci_bus 0000:01: resource 2 [mem 0xb0000000-0xdfffffff 64bit pref]
Mar 14 11:21:02 kernel: [    4.323590] pci_bus 0000:01: resource 4 [io  0x0000-0x0cf7]
Mar 14 11:21:02 kernel: [    4.323594] pci_bus 0000:01: resource 5 [io  0x0d00-0xffff]
Mar 14 11:21:02 kernel: [    4.323598] pci_bus 0000:01: resource 6 [mem 0x000a0000-0x000bffff]
Mar 14 11:21:02 kernel: [    4.323602] pci_bus 0000:01: resource 7 [mem 0x000c0000-0x000cffff]
Mar 14 11:21:02 kernel: [    4.323606] pci_bus 0000:01: resource 8 [mem 0xb0000000-0xfbffffff]
Mar 14 11:21:02 kernel: [    4.323610] pci_bus 0000:01: resource 9 [mem 0xfd000000-0xfd7fffff]
Mar 14 11:21:02 kernel: [    4.323614] pci_bus 0000:02: resource 0 [io  0x9000-0xafff]
Mar 14 11:21:02 kernel: [    4.323618] pci_bus 0000:02: resource 1 [mem 0xee100000-0xef0fffff]
Mar 14 11:21:02 kernel: [    4.323622] pci_bus 0000:02: resource 2 [mem 0xe0000000-0xe0ffffff pref]
Mar 14 11:21:02 kernel: [    4.323626] pci_bus 0000:03: resource 0 [io  0xc000-0xdfff]
Mar 14 11:21:02 kernel: [    4.323630] pci_bus 0000:03: resource 1 [mem 0xef200000-0xf01fffff]
Mar 14 11:21:02 kernel: [    4.323634] pci_bus 0000:03: resource 2 [mem 0xe1000000-0xe1ffffff 64bit pref]
Mar 14 11:21:02 kernel: [    4.323638] pci_bus 0000:03: resource 4 [io  0x0000-0x0cf7]
Mar 14 11:21:02 kernel: [    4.323642] pci_bus 0000:03: resource 5 [io  0x0d00-0xffff]
Mar 14 11:21:02 kernel: [    4.323646] pci_bus 0000:03: resource 6 [mem 0x000a0000-0x000bffff]
Mar 14 11:21:02 kernel: [    4.323650] pci_bus 0000:03: resource 7 [mem 0x000c0000-0x000cffff]
Mar 14 11:21:02 kernel: [    4.323654] pci_bus 0000:03: resource 8 [mem 0xb0000000-0xfbffffff]
Mar 14 11:21:02 kernel: [    4.323658] pci_bus 0000:03: resource 9 [mem 0xfd000000-0xfd7fffff]
Mar 14 11:21:02 kernel: [    4.331186] NET: Registered protocol family 2
Mar 14 11:21:02 kernel: [    4.331290] TCP established hash table entries: 8192 (order: 4, 65536 bytes)
Mar 14 11:21:02 kernel: [    4.331294] TCP bind hash table entries: 8192 (order: 5, 131072 bytes)
Mar 14 11:21:02 kernel: [    4.331298] TCP: Hash tables configured (established 8192 bind 8192)
Mar 14 11:21:02 kernel: [    4.331302] TCP: reno registered
Mar 14 11:21:02 kernel: [    4.331306] UDP hash table entries: 512 (order: 2, 16384 bytes)
Mar 14 11:21:02 kernel: [    4.331310] UDP-Lite hash table entries: 512 (order: 2, 16384 bytes)
Mar 14 11:21:02 kernel: [    4.331346] NET: Registered protocol family 1
Mar 14 11:21:02 kernel: [    4.339152] pci 0000:01:00.0: Video device with shadowed ROM
Mar 14 11:21:02 kernel: [    4.339156] PCI: CLS 0 bytes, default 64
Mar 14 11:21:02 kernel: [    4.339160] Unpacking initramfs...
Mar 14 11:21:02 kernel: [    4.979146] Freeing initrd memory: 6272K (ffff88003f9cc000 - ffff88003ffec000)
Mar 14 11:21:02 kernel: [    4.979288] RAPL PMU detected, hw unit 2^-0 Joules, API unit is 2^-32 Joules, 3 fixed counters 10737418240 ms ovfl timer
Mar 14 11:21:02 kernel: [    4.979292] microcode: CPU0 sig=0x206a7, pf=0x1, revision=0x28
Mar 14 11:21:02 kernel: [    4.979300] microcode: CPU1 sig=0x206a7, pf=0x1, revision=0x28
Mar 14 11:21:02 kernel: [    4.979380] microcode: Microcode Update Driver: v2.00 <tigran@aivazian.fsnet.co.uk>, Peter Oruba
Mar 14 11:21:02 kernel: [    4.979494] futex hash table entries: 8192 (order: 7, 524288 bytes)
Mar 14 11:21:02 kernel: [    4.979509] audit: initializing netlink subsys (disabled)
Mar 14 11:21:02 kernel: [    4.979513] audit: type=2000 audit(1489490459.820:1): initialized
Mar 14 11:21:02 kernel: [    4.979822] HugeTLB registered 2 MB page size, pre-allocated 0 pages
Mar 14 11:21:02 kernel: [    4.979826] zbud: loaded
Mar 14 11:21:02 kernel: [    4.980058] VFS: Disk quotas dquot_6.5.2
Mar 14 11:21:02 kernel: [    4.980073] Dquot-cache hash table entries: 512 (order 0, 4096 bytes)
Mar 14 11:21:02 kernel: [    4.980088] msgmni has been set to 1989
Mar 14 11:21:02 kernel: [    4.980934] alg: No test for stdrng (krng)
Mar 14 11:21:02 kernel: [    4.980988] Block layer SCSI generic (bsg) driver version 0.4 loaded (major 252)
Mar 14 11:21:02 kernel: [    4.981088] io scheduler noop registered
Mar 14 11:21:02 kernel: [    4.981092] io scheduler deadline registered
Mar 14 11:21:02 kernel: [    4.981161] io scheduler cfq registered (default)
Mar 14 11:21:02 kernel: [    4.981177] pci_hotplug: PCI Hot Plug PCI Core version: 0.5
Mar 14 11:21:02 kernel: [    4.981181] pciehp: PCI Express Hot Plug Controller Driver version: 0.4
Mar 14 11:21:02 kernel: [    4.981185] vesafb: mode is 800x600x16, linelength=1600, pages=0
Mar 14 11:21:02 kernel: [    4.981189] vesafb: scrolling: redraw
Mar 14 11:21:02 kernel: [    4.981193] vesafb: Truecolor: size=0:5:6:5, shift=0:11:5:0
Mar 14 11:21:02 kernel: [    4.981197] vesafb: framebuffer at 0xb0000000, mapped to 0xffffc90001300000, using 1875k, total 65536k
Mar 14 11:21:02 kernel: [    4.983165] Console: switching to colour frame buffer device 100x37
Mar 14 11:21:02 kernel: [    4.983169] fb0: VESA VGA frame buffer device
Mar 14 11:21:02 kernel: [    4.983173] intel_idle: does not run on family 6 model 42
Mar 14 11:21:02 kernel: [    4.983177] GHES: HEST is not enabled!
Mar 14 11:21:02 kernel: [    4.983250] Serial: 8250/16550 driver, 4 ports, IRQ sharing enabled
Mar 14 11:21:02 kernel: [    4.983598] Linux agpgart interface v0.103
Mar 14 11:21:02 kernel: [    4.983602] i8042: PNP: PS/2 Controller [PNP0303:KBC,PNP0f03:PS2M] at 0x60,0x64 irq 1,12
Mar 14 11:21:02 kernel: [    4.983897] serio: i8042 KBD port at 0x60,0x64 irq 1
Mar 14 11:21:02 kernel: [    4.983905] serio: i8042 AUX port at 0x60,0x64 irq 12
Mar 14 11:21:02 kernel: [    4.984079] mousedev: PS/2 mouse device common for all mice
Mar 14 11:21:02 kernel: [    4.984363] input: AT Translated Set 2 keyboard as /devices/platform/i8042/serio0/input/input0
Mar 14 11:21:02 kernel: [    4.984371] rtc_cmos 00:02: rtc core: registered rtc_cmos as rtc0
Mar 14 11:21:02 kernel: [    4.984520] rtc_cmos 00:02: alarms up to one day, y3k, 242 bytes nvram, hpet irqs
Mar 14 11:21:02 kernel: [    4.984524] ledtrig-cpu: registered to indicate activity on CPUs
Mar 14 11:21:02 kernel: [    4.984528] AMD IOMMUv2 driver by Joerg Roedel <joerg.roedel@amd.com>
Mar 14 11:21:02 kernel: [    4.984532] AMD IOMMUv2 functionality not available on this system
Mar 14 11:21:02 kernel: [    4.984536] TCP: cubic registered
Mar 14 11:21:02 kernel: [    4.984623] NET: Registered protocol family 10
Mar 14 11:21:02 kernel: [    4.984821] mip6: Mobile IPv6
Mar 14 11:21:02 kernel: [    4.984825] NET: Registered protocol family 17
Mar 14 11:21:02 kernel: [    4.984829] mpls_gso: MPLS GSO support
Mar 14 11:21:02 kernel: [    4.985106] registered taskstats version 1
Mar 14 11:21:02 kernel: [    4.985428] rtc_cmos 00:02: setting system clock to 2017-03-14 11:21:00 UTC (1489490460)
Mar 14 11:21:02 kernel: [    4.985432] PM: Hibernation image not present or could not be loaded.
Mar 14 11:21:02 kernel: [    4.987134] Freeing unused kernel memory: 1208K (ffffffff818ee000 - ffffffff81a1c000)
Mar 14 11:21:02 kernel: [    4.987138] Write protecting the kernel read-only data: 8192k
Mar 14 11:21:02 kernel: [    4.987202] Freeing unused kernel memory: 884K (ffff880001523000 - ffff880001600000)
Mar 14 11:21:02 kernel: [    4.987230] Freeing unused kernel memory: 216K (ffff8800017ca000 - ffff880001800000)
Mar 14 11:21:02 kernel: [    5.440269] systemd-udevd[49]: starting version 215
Mar 14 11:21:02 kernel: [    5.440494] random: systemd-udevd: uninitialized urandom read (16 bytes read, 3 bits of entropy available)
Mar 14 11:21:02 kernel: [    5.453027] SCSI subsystem initialized
Mar 14 11:21:02 kernel: [    5.453535] ACPI: bus type USB registered
Mar 14 11:21:02 kernel: [    5.453558] usbcore: registered new interface driver usbfs
Mar 14 11:21:02 kernel: [    5.453566] usbcore: registered new interface driver hub
Mar 14 11:21:02 kernel: [    5.459913] libata version 3.00 loaded.
Mar 14 11:21:02 kernel: [    5.460596] ahci 0000:00:1f.2: version 3.0
Mar 14 11:21:02 kernel: [    5.460645] usbcore: registered new device driver usb
Mar 14 11:21:02 kernel: [    5.465228] ahci 0000:00:1f.2: irq 40 for MSI/MSI-X
Mar 14 11:21:02 kernel: [    5.468615] ahci 0000:00:1f.2: SSS flag set, parallel bus scan disabled
Mar 14 11:21:02 kernel: [    5.468757] ahci 0000:00:1f.2: AHCI 0001.0100 32 slots 6 ports 3 Gbps 0x3f impl SATA mode
Mar 14 11:21:02 kernel: [    5.468760] ahci 0000:00:1f.2: flags: 64bit ncq stag pm led only slum part 
Mar 14 11:21:02 kernel: [    5.473616] scsi0 : ahci
Mar 14 11:21:02 kernel: [    5.474272] scsi1 : ahci
Mar 14 11:21:02 kernel: [    5.474335] scsi2 : ahci
Mar 14 11:21:02 kernel: [    5.474396] scsi3 : ahci
Mar 14 11:21:02 kernel: [    5.474458] scsi4 : ahci
Mar 14 11:21:02 kernel: [    5.474532] scsi5 : ahci
Mar 14 11:21:02 kernel: [    5.474576] ata1: SATA max UDMA/133 abar m8192@0xf0200000 port 0xf0200100 irq 40
Mar 14 11:21:02 kernel: [    5.474578] ata2: SATA max UDMA/133 abar m8192@0xf0200000 port 0xf0200180 irq 40
Mar 14 11:21:02 kernel: [    5.474579] ata3: SATA max UDMA/133 abar m8192@0xf0200000 port 0xf0200200 irq 40
Mar 14 11:21:02 kernel: [    5.474580] ata4: SATA max UDMA/133 abar m8192@0xf0200000 port 0xf0200280 irq 40
Mar 14 11:21:02 kernel: [    5.474581] ata5: SATA max UDMA/133 abar m8192@0xf0200000 port 0xf0200300 irq 40
Mar 14 11:21:02 kernel: [    5.474582] ata6: SATA max UDMA/133 abar m8192@0xf0200000 port 0xf0200380 irq 40
Mar 14 11:21:02 kernel: [    5.474625] ata_piix 0000:00:1f.1: version 2.13
Mar 14 11:21:02 kernel: [    5.475205] scsi6 : ata_piix
Mar 14 11:21:02 kernel: [    5.475353] scsi7 : ata_piix
Mar 14 11:21:02 kernel: [    5.475361] ehci_hcd: USB 2.0 'Enhanced' Host Controller (EHCI) Driver
Mar 14 11:21:02 kernel: [    5.475408] ata7: PATA max UDMA/100 cmd 0x1f0 ctl 0x3f6 bmdma 0xe000 irq 14
Mar 14 11:21:02 kernel: [    5.475409] ata8: PATA max UDMA/100 cmd 0x170 ctl 0x376 bmdma 0xe008 irq 15
Mar 14 11:21:02 kernel: [    5.475571] ehci-pci: EHCI PCI platform driver
Mar 14 11:21:02 kernel: [    5.476709] xhci_hcd 0000:00:1d.6: xHCI Host Controller
Mar 14 11:21:02 kernel: [    5.476717] xhci_hcd 0000:00:1d.6: new USB bus registered, assigned bus number 1
Mar 14 11:21:02 kernel: [    5.477885] xhci_hcd 0000:00:1d.6: cache line size of 64 is not supported
Mar 14 11:21:02 kernel: [    5.482265] xhci_hcd 0000:00:1d.6: irq 41 for MSI/MSI-X
Mar 14 11:21:02 kernel: [    5.493348] usb usb1: New USB device found, idVendor=1d6b, idProduct=0002
Mar 14 11:21:02 kernel: [    5.493350] usb usb1: New USB device strings: Mfr=3, Product=2, SerialNumber=1
Mar 14 11:21:02 kernel: [    5.493351] usb usb1: Product: xHCI Host Controller
Mar 14 11:21:02 kernel: [    5.493352] usb usb1: Manufacturer: Linux 3.16.0-4-amd64 xhci_hcd
Mar 14 11:21:02 kernel: [    5.493353] usb usb1: SerialNumber: 0000:00:1d.6
Mar 14 11:21:02 kernel: [    5.493458] hub 1-0:1.0: USB hub found
Mar 14 11:21:02 kernel: [    5.493497] hub 1-0:1.0: 2 ports detected
Mar 14 11:21:02 kernel: [    5.493855] xhci_hcd 0000:00:1d.6: xHCI Host Controller
Mar 14 11:21:02 kernel: [    5.493878] xhci_hcd 0000:00:1d.6: new USB bus registered, assigned bus number 2
Mar 14 11:21:02 kernel: [    5.494190] usb usb2: We don't know the algorithms for LPM for this host, disabling LPM.
Mar 14 11:21:02 kernel: [    5.494232] usb usb2: New USB device found, idVendor=1d6b, idProduct=0003
Mar 14 11:21:02 kernel: [    5.494236] usb usb2: New USB device strings: Mfr=3, Product=2, SerialNumber=1
Mar 14 11:21:02 kernel: [    5.494239] usb usb2: Product: xHCI Host Controller
Mar 14 11:21:02 kernel: [    5.494242] usb usb2: Manufacturer: Linux 3.16.0-4-amd64 xhci_hcd
Mar 14 11:21:02 kernel: [    5.494244] usb usb2: SerialNumber: 0000:00:1d.6
Mar 14 11:21:02 kernel: [    5.494639] hub 2-0:1.0: USB hub found
Mar 14 11:21:02 kernel: [    5.494706] hub 2-0:1.0: 12 ports detected
Mar 14 11:21:02 kernel: [    5.495036] uhci_hcd: USB Universal Host Controller Interface driver
Mar 14 11:21:02 kernel: [    5.503152] uhci_hcd 0000:00:1d.0: UHCI Host Controller
Mar 14 11:21:02 kernel: [    5.503168] uhci_hcd 0000:00:1d.0: new USB bus registered, assigned bus number 3
Mar 14 11:21:02 kernel: [    5.503184] uhci_hcd 0000:00:1d.0: detected 2 ports
Mar 14 11:21:02 kernel: [    5.504783] uhci_hcd 0000:00:1d.0: irq 18, io base 0x0000b200
Mar 14 11:21:02 kernel: [    5.506687] usb usb3: New USB device found, idVendor=1d6b, idProduct=0001
Mar 14 11:21:02 kernel: [    5.506689] usb usb3: New USB device strings: Mfr=3, Product=2, SerialNumber=1
Mar 14 11:21:02 kernel: [    5.506691] usb usb3: Product: UHCI Host Controller
Mar 14 11:21:02 kernel: [    5.506692] usb usb3: Manufacturer: Linux 3.16.0-4-amd64 uhci_hcd
Mar 14 11:21:02 kernel: [    5.506693] usb usb3: SerialNumber: 0000:00:1d.0
Mar 14 11:21:02 kernel: [    5.506840] hub 3-0:1.0: USB hub found
Mar 14 11:21:02 kernel: [    5.506846] hub 3-0:1.0: 2 ports detected
Mar 14 11:21:02 kernel: [    5.509100] ehci-pci 0000:00:1d.7: EHCI Host Controller
Mar 14 11:21:02 kernel: [    5.509118] ehci-pci 0000:00:1d.7: new USB bus registered, assigned bus number 4
Mar 14 11:21:02 kernel: [    5.509314] ehci-pci 0000:00:1d.7: Enabling legacy PCI PM
Mar 14 11:21:02 kernel: [    5.510091] ehci-pci 0000:00:1d.7: cache line size of 64 is not supported
Mar 14 11:21:02 kernel: [    5.510130] ehci-pci 0000:00:1d.7: irq 19, io mem 0xef140000
Mar 14 11:21:02 kernel: [    5.519186] ehci-pci 0000:00:1d.7: USB 2.0 started, EHCI 1.00
Mar 14 11:21:02 kernel: [    5.519384] usb usb4: New USB device found, idVendor=1d6b, idProduct=0002
Mar 14 11:21:02 kernel: [    5.519387] usb usb4: New USB device strings: Mfr=3, Product=2, SerialNumber=1
Mar 14 11:21:02 kernel: [    5.519388] usb usb4: Product: EHCI Host Controller
Mar 14 11:21:02 kernel: [    5.519389] usb usb4: Manufacturer: Linux 3.16.0-4-amd64 ehci_hcd
Mar 14 11:21:02 kernel: [    5.519390] usb usb4: SerialNumber: 0000:00:1d.7
Mar 14 11:21:02 kernel: [    5.519744] hub 4-0:1.0: USB hub found
Mar 14 11:21:02 kernel: [    5.519858] hub 4-0:1.0: 15 ports detected
Mar 14 11:21:02 kernel: [    5.543781] hub 3-0:1.0: USB hub found
Mar 14 11:21:02 kernel: [    5.543790] hub 3-0:1.0: 2 ports detected
Mar 14 11:21:02 kernel: [    5.796268] ata1: SATA link up 1.5 Gbps (SStatus 113 SControl 300)
Mar 14 11:21:02 kernel: [    5.796432] ata1.00: ATA-8: Debian GNU Linux-0 SSD, F.7WV6CW, max UDMA/100
Mar 14 11:21:02 kernel: [    5.796435] ata1.00: 33554432 sectors, multi 0: LBA48 NCQ (depth 31/32)
Mar 14 11:21:02 kernel: [    5.796605] ata1.00: configured for UDMA/100
Mar 14 11:21:02 kernel: [    5.796828] scsi 0:0:0:0: Direct-Access     ATA      Debian GNU Linux V6CW PQ: 0 ANSI: 5
Mar 14 11:21:02 kernel: [    5.832208] usb 4-1: new high-speed USB device number 2 using ehci-pci
Mar 14 11:21:02 kernel: [    5.964501] usb 4-1: New USB device found, idVendor=203a, idProduct=fff9
Mar 14 11:21:02 kernel: [    5.964507] usb 4-1: New USB device strings: Mfr=1, Product=2, SerialNumber=3
Mar 14 11:21:02 kernel: [    5.964509] usb 4-1: Product: FaceTime HD Camera (Built-in)
Mar 14 11:21:02 kernel: [    5.964510] usb 4-1: Manufacturer: Parallels
Mar 14 11:21:02 kernel: [    5.964511] usb 4-1: SerialNumber: 0xfa20000005ac8509
Mar 14 11:21:02 kernel: [    5.980659] tsc: Refined TSC clocksource calibration: 2195.001 MHz
Mar 14 11:21:02 kernel: [    6.116311] ata2: SATA link up 1.5 Gbps (SStatus 113 SControl 300)
Mar 14 11:21:02 kernel: [    6.116677] ata2.00: ATAPI: Virtual DVD-ROM [1], FWR1, max UDMA/25
Mar 14 11:21:02 kernel: [    6.117090] ata2.00: configured for UDMA/25
Mar 14 11:21:02 kernel: [    6.117704] scsi 1:0:0:0: CD-ROM                     Virtual DVD-ROM  R103 PQ: 0 ANSI: 5
Mar 14 11:21:02 kernel: [    6.443324] ata3: SATA link down (SStatus 0 SControl 300)
Mar 14 11:21:02 kernel: [    6.763874] ata4: SATA link down (SStatus 0 SControl 300)
Mar 14 11:21:02 kernel: [    7.083672] ata5: SATA link down (SStatus 0 SControl 300)
Mar 14 11:21:02 kernel: [    7.404369] ata6: SATA link down (SStatus 0 SControl 300)
Mar 14 11:21:02 kernel: [    7.411705] sr0: scsi3-mmc drive: 44x/44x cd/rw xa/form2 cdda tray
Mar 14 11:21:02 kernel: [    7.411710] cdrom: Uniform CD-ROM driver Revision: 3.20
Mar 14 11:21:02 kernel: [    7.411864] sr 1:0:0:0: Attached scsi CD-ROM sr0
Mar 14 11:21:02 kernel: [    7.412544] scsi 0:0:0:0: Attached scsi generic sg0 type 0
Mar 14 11:21:02 kernel: [    7.412582] sr 1:0:0:0: Attached scsi generic sg1 type 5
Mar 14 11:21:02 kernel: [    7.413589] sd 0:0:0:0: [sda] 33554432 512-byte logical blocks: (17.1 GB/16.0 GiB)
Mar 14 11:21:02 kernel: [    7.413593] sd 0:0:0:0: [sda] 4096-byte physical blocks
Mar 14 11:21:02 kernel: [    7.413715] sd 0:0:0:0: [sda] Write Protect is off
Mar 14 11:21:02 kernel: [    7.413745] sd 0:0:0:0: [sda] Mode Sense: 00 3a 00 00
Mar 14 11:21:02 kernel: [    7.413790] sd 0:0:0:0: [sda] Write cache: enabled, read cache: enabled, doesn't support DPO or FUA
Mar 14 11:21:02 kernel: [    7.414902]  sda: unknown partition table
Mar 14 11:21:02 kernel: [    7.415224] sd 0:0:0:0: [sda] Attached SCSI disk
Mar 14 11:21:03 init: starting pid 180, tty '': '/sbin/reopen-console /sbin/debian-installer'
Mar 14 11:21:03 init: starting pid 183, tty '/dev/tty4': '/usr/bin/tail -f /var/log/syslog'
Mar 14 11:21:03 debconf: Setting debconf/language to en
Mar 14 11:21:03 main-menu[200]: DEBUG: resolver (libc6-udeb): package doesn't exist (ignored)
Mar 14 11:21:03 main-menu[200]: INFO: Menu item 'localechooser' selected
Mar 14 11:21:03 debconf: Setting debconf/language to en
Mar 14 11:21:05 localechooser: info: Language = 'en'
Mar 14 11:21:05 localechooser: info: line=en;0;US;en_US.UTF-8;;console-setup
Mar 14 11:21:05 localechooser: info: Set debian-installer/language = 'en'
Mar 14 11:21:05 localechooser: info: Default country = 'US'
Mar 14 11:21:05 localechooser: info: Default locale = 'en_US.UTF-8'
Mar 14 11:21:05 localechooser: info: Set debian-installer/consoledisplay = 'console-setup'
Mar 14 11:21:05 debconf: Setting debconf/language to en
Mar 14 11:21:06 localechooser: info: Set debian-installer/country = 'US'
Mar 14 11:21:06 localechooser: info: Set debian-installer/locale = 'en_US.UTF-8'
Mar 14 11:21:06 localechooser: info: System locale (debian-installer/locale) = 'en_US.UTF-8'
Mar 14 11:21:06 main-menu[200]: DEBUG: resolver (libc6-udeb): package doesn't exist (ignored)
Mar 14 11:21:06 main-menu[200]: INFO: Menu item 'console-setup-udeb' selected
Mar 14 11:21:06 main-menu[200]: (process:1100): gzip is not accessible. Will not save cached keyboard map.
Mar 14 11:21:06 main-menu[200]: DEBUG: resolver (libc6-udeb): package doesn't exist (ignored)
Mar 14 11:21:06 main-menu[200]: INFO: Menu item 'cdrom-detect' selected
Mar 14 11:21:06 anna-install: Queueing udeb virtio-modules for later installation
Mar 14 11:21:07 net/hw-detect.hotplug: Detected hotpluggable network interface lo
Mar 14 11:21:07 hw-detect: Detected module 'usb-storage' for 'USB storage'
Mar 14 11:21:07 hw-detect: insmod /lib/modules/3.16.0-4-amd64/kernel/drivers/usb/storage/usb-storage.ko 
Mar 14 11:21:07 kernel: [   11.585976] usbcore: registered new interface driver usb-storage
Mar 14 11:21:07 apt-install: Queueing package udev for later installation
Mar 14 11:21:07 apt-install: Queueing package pciutils for later installation
Mar 14 11:21:07 apt-install: Queueing package usbutils for later installation
Mar 14 11:21:07 apt-install: Queueing package acpi for later installation
Mar 14 11:21:07 apt-install: Queueing package acpid for later installation
Mar 14 11:21:07 apt-install: Queueing package acpi-support-base for later installation
Mar 14 11:21:07 apt-install: Queueing package eject for later installation
Mar 14 11:21:08 check-missing-firmware: looking at dmesg for the first time
Mar 14 11:21:08 check-missing-firmware: saving timestamp for a later use: [   11.585976]
Mar 14 11:21:08 check-missing-firmware: /dev/.udev/firmware-missing does not exist, skipping
Mar 14 11:21:08 check-missing-firmware: /run/udev/firmware-missing does not exist, skipping
Mar 14 11:21:08 check-missing-firmware: no missing firmware in loaded kernel modules
Mar 14 11:21:08 cdrom-detect: Searching for Debian installation media...
Mar 14 11:21:08 cdrom-detect: Devices: '/dev/sr0'
Mar 14 11:21:08 kernel: [   12.690224] ISO 9660 Extensions: Microsoft Joliet Level 3
Mar 14 11:21:08 cdrom-detect: CD-ROM mount succeeded: device=/dev/sr0 fstype=iso9660
Mar 14 11:21:08 kernel: [   12.691488] ISO 9660 Extensions: RRIP_1991A
Mar 14 11:21:08 cdrom-detect: Detected CD 'Debian GNU/Linux 8.7.1 "Jessie" - Official amd64 NETINST Binary-1 20170116-10:57'
Mar 14 11:21:08 cdrom-detect: Detected CD with 'stable' (jessie) distribution
Mar 14 11:21:08 anna-install: Queueing udeb eject-udeb for later installation
Mar 14 11:21:08 anna-install: Queueing udeb apt-mirror-setup for later installation
Mar 14 11:21:08 anna-install: Queueing udeb apt-cdrom-setup for later installation
Mar 14 11:21:08 anna-install: Queueing udeb jessie-support for later installation
Mar 14 11:21:08 main-menu[200]: DEBUG: resolver (libc6-udeb): package doesn't exist (ignored)
Mar 14 11:21:08 main-menu[200]: INFO: Menu item 'load-cdrom' selected
Mar 14 11:21:08 cdrom-retriever: warning: File /cdrom/dists/jessie/main/debian-installer/binary-amd64/Packages does not exist.
Mar 14 11:21:08 cdrom-retriever: warning: Unable to find contrib/debian-installer/binary-amd64/Packages in /cdrom/dists/jessie/Release.
Mar 14 11:21:08 cdrom-retriever: warning: Unable to find contrib/debian-installer/binary-amd64/Packages.gz in /cdrom/dists/jessie/Release.
Mar 14 11:21:08 anna[1658]: DEBUG: resolver (fat-modules): package doesn't exist (ignored)
Mar 14 11:21:08 anna[1658]: DEBUG: resolver (scsi-modules): package doesn't exist (ignored)
Mar 14 11:21:08 anna[1658]: DEBUG: resolver (fat-modules): package doesn't exist (ignored)
Mar 14 11:21:08 anna[1658]: DEBUG: resolver (scsi-modules): package doesn't exist (ignored)
Mar 14 11:21:08 anna[1658]: DEBUG: retrieving apt-cdrom-setup 1:0.97
Mar 14 11:21:08 anna[1658]: DEBUG: retrieving apt-mirror-setup 1:0.97
Mar 14 11:21:08 anna[1658]: DEBUG: retrieving apt-setup-udeb 1:0.97
Mar 14 11:21:08 anna[1658]: DEBUG: retrieving base-installer 1.154
Mar 14 11:21:08 anna[1658]: DEBUG: retrieving bootstrap-base 1.154
Mar 14 11:21:09 anna[1658]: DEBUG: retrieving btrfs-tools-udeb 3.17-1.1
Mar 14 11:21:09 anna[1658]: DEBUG: retrieving choose-mirror-bin 2.62
Mar 14 11:21:09 anna[1658]: DEBUG: retrieving clock-setup 0.123
Mar 14 11:21:09 anna[1658]: DEBUG: retrieving debian-archive-keyring-udeb 2014.3
Mar 14 11:21:09 anna[1658]: DEBUG: retrieving di-utils-mapdevfs 1.110
Mar 14 11:21:09 anna[1658]: DEBUG: retrieving debootstrap-udeb 1.0.67
Mar 14 11:21:09 anna[1658]: DEBUG: retrieving dosfstools-udeb 3.0.27-1
Mar 14 11:21:09 anna[1658]: DEBUG: retrieving e2fsprogs-udeb 1.42.12-2+b1
Mar 14 11:21:09 anna[1658]: DEBUG: retrieving eject-udeb 2.1.5+deb1+cvs20081104-13.1
Mar 14 11:21:09 kernel: [   14.237523] random: nonblocking pool is initialized
Mar 14 11:21:09 anna[1658]: DEBUG: retrieving finish-install 2.56
Mar 14 11:21:10 anna[1658]: DEBUG: retrieving fuse-udeb 2.9.3-15+deb8u2
Mar 14 11:21:10 anna[1658]: DEBUG: retrieving libfuse2-udeb 2.9.3-15+deb8u2
Mar 14 11:21:10 anna[1658]: DEBUG: retrieving libc6-udeb 2.19-18+deb8u7
Mar 14 11:21:10 anna[1658]: DEBUG: retrieving libnss-files-udeb 2.19-18+deb8u7
Mar 14 11:21:10 anna[1658]: DEBUG: retrieving gpgv-udeb 1.4.18-7+deb8u3
Mar 14 11:21:10 anna[1658]: DEBUG: retrieving grub-installer 1.117+deb8u1
Mar 14 11:21:10 anna[1658]: DEBUG: retrieving grub-mount-udeb 2.02~beta2-22+deb8u1
Mar 14 11:21:10 anna[1658]: DEBUG: retrieving disk-detect 1.108
Mar 14 11:21:10 anna[1658]: DEBUG: retrieving ethdetect 1.108
Mar 14 11:21:11 anna[1658]: DEBUG: retrieving jfsutils-udeb 1.1.15-2.1
Mar 14 11:21:11 anna[1658]: DEBUG: retrieving kickseed-common 0.61
Mar 14 11:21:11 anna[1658]: DEBUG: retrieving libbsd0-udeb 0.7.0-2
Mar 14 11:21:11 anna[1658]: DEBUG: retrieving libnl-3-200-udeb 3.2.24-2
Mar 14 11:21:11 anna[1658]: DEBUG: retrieving libnl-genl-3-200-udeb 3.2.24-2
Mar 14 11:21:11 anna[1658]: DEBUG: retrieving lilo-installer 1.47
Mar 14 11:21:11 anna[1658]: DEBUG: retrieving btrfs-modules-3.16.0-4-amd64-di 3.16.39-1
Mar 14 11:21:11 anna[1658]: DEBUG: retrieving crypto-modules-3.16.0-4-amd64-di 3.16.39-1
Mar 14 11:21:11 anna[1658]: DEBUG: retrieving efi-modules-3.16.0-4-amd64-di 3.16.39-1
Mar 14 11:21:11 anna[1658]: DEBUG: retrieving ext4-modules-3.16.0-4-amd64-di 3.16.39-1
Mar 14 11:21:11 anna[1658]: DEBUG: retrieving jfs-modules-3.16.0-4-amd64-di 3.16.39-1
Mar 14 11:21:11 anna[1658]: DEBUG: retrieving loop-modules-3.16.0-4-amd64-di 3.16.39-1
Mar 14 11:21:11 anna[1658]: DEBUG: retrieving md-modules-3.16.0-4-amd64-di 3.16.39-1
Mar 14 11:21:11 anna[1658]: DEBUG: retrieving nic-modules-3.16.0-4-amd64-di 3.16.39-1
Mar 14 11:21:12 anna[1658]: DEBUG: retrieving nic-pcmcia-modules-3.16.0-4-amd64-di 3.16.39-1
Mar 14 11:21:12 anna[1658]: DEBUG: retrieving nic-shared-modules-3.16.0-4-amd64-di 3.16.39-1
Mar 14 11:21:12 anna[1658]: DEBUG: retrieving nic-usb-modules-3.16.0-4-amd64-di 3.16.39-1
Mar 14 11:21:12 anna[1658]: DEBUG: retrieving nic-wireless-modules-3.16.0-4-amd64-di 3.16.39-1
Mar 14 11:21:12 anna[1658]: DEBUG: retrieving scsi-extra-modules-3.16.0-4-amd64-di 3.16.39-1
Mar 14 11:21:12 anna[1658]: DEBUG: retrieving virtio-modules-3.16.0-4-amd64-di 3.16.39-1
Mar 14 11:21:12 anna[1658]: DEBUG: retrieving xfs-modules-3.16.0-4-amd64-di 3.16.39-1
Mar 14 11:21:12 anna[1658]: DEBUG: retrieving libdevmapper1.02.1-udeb 2:1.02.90-2.2+deb8u1
Mar 14 11:21:12 anna[1658]: DEBUG: retrieving liblzo2-2-udeb 2.08-1.2
Mar 14 11:21:12 anna[1658]: DEBUG: retrieving mdadm-udeb 3.3.2-5+deb8u2
Mar 14 11:21:12 anna[1658]: DEBUG: retrieving ndisc6-udeb 1.0.1-1+b1
Mar 14 11:21:12 anna[1658]: DEBUG: retrieving rdnssd-udeb 1.0.1-1+b1
Mar 14 11:21:13 anna[1658]: DEBUG: retrieving netcfg 1.131+deb8u1
Mar 14 11:21:13 anna[1658]: DEBUG: retrieving nobootloader 1.45
Mar 14 11:21:13 anna[1658]: DEBUG: retrieving ntfs-3g-udeb 1:2014.2.15AR.2-1+deb8u2
Mar 14 11:21:13 anna[1658]: DEBUG: retrieving open-iscsi-udeb 2.0.873+git0.3b4b4500-8+deb8u2
Mar 14 11:21:13 anna[1658]: DEBUG: retrieving libcrypto1.0.0-udeb 1.0.1t-1+deb8u5
Mar 14 11:21:13 anna[1658]: DEBUG: retrieving os-prober-udeb 1.65
Mar 14 11:21:13 anna[1658]: DEBUG: retrieving libparted-fs-resize0-udeb 3.2-7
Mar 14 11:21:13 anna[1658]: DEBUG: retrieving libparted2-udeb 3.2-7
Mar 14 11:21:13 anna[1658]: DEBUG: retrieving partman-auto 126
Mar 14 11:21:14 anna[1658]: DEBUG: retrieving partman-auto-raid 28
Mar 14 11:21:14 anna[1658]: DEBUG: retrieving partman-base 184
Mar 14 11:21:14 anna[1658]: DEBUG: retrieving partman-utils 184
Mar 14 11:21:14 anna[1658]: DEBUG: retrieving partman-basicfilesystems 113
Mar 14 11:21:15 anna[1658]: DEBUG: retrieving partman-basicmethods 58
Mar 14 11:21:15 anna[1658]: DEBUG: retrieving partman-btrfs 17
Mar 14 11:21:16 anna[1658]: DEBUG: retrieving partman-efi 67
Mar 14 11:21:16 anna[1658]: DEBUG: retrieving partman-ext3 84
Mar 14 11:21:16 anna[1658]: DEBUG: retrieving partman-iscsi 36
Mar 14 11:21:17 anna[1658]: DEBUG: retrieving partman-jfs 45
Mar 14 11:21:17 anna[1658]: DEBUG: retrieving partman-md 74
Mar 14 11:21:18 anna[1658]: DEBUG: retrieving partman-partitioning 108
Mar 14 11:21:18 anna[1658]: DEBUG: retrieving partman-target 96
Mar 14 11:21:19 anna[1658]: DEBUG: retrieving partman-xfs 55
Mar 14 11:21:19 anna[1658]: DEBUG: retrieving pkgsel 0.43
Mar 14 11:21:20 anna[1658]: DEBUG: retrieving network-preseed 1.66
Mar 14 11:21:20 anna[1658]: DEBUG: retrieving rdate-udeb 1:1.2-6
Mar 14 11:21:20 anna[1658]: DEBUG: retrieving tzsetup-udeb 1:0.66
Mar 14 11:21:21 anna[1658]: DEBUG: retrieving user-setup-udeb 1.61
Mar 14 11:21:21 anna[1658]: DEBUG: retrieving fdisk-udeb 2.25.2-6
Mar 14 11:21:21 anna[1658]: DEBUG: retrieving libsmartcols1-udeb 2.25.2-6
Mar 14 11:21:21 anna[1658]: DEBUG: retrieving wide-dhcpv6-client-udeb 20080615-12
Mar 14 11:21:21 anna[1658]: DEBUG: retrieving libiw30-udeb 30~pre9-8
Mar 14 11:21:21 anna[1658]: DEBUG: retrieving wpasupplicant-udeb 2.3-1+deb8u4
Mar 14 11:21:21 anna[1658]: DEBUG: retrieving xfsprogs-udeb 3.2.1
Mar 14 11:21:22 main-menu[200]: INFO: Menu item 'ethdetect' selected
Mar 14 11:21:22 anna-install: Installing virtio-modules
Mar 14 11:21:22 kernel: [   27.246110] virtio-pci 0000:00:05.0: enabling device (0000 -> 0003)
Mar 14 11:21:22 kernel: [   27.249344] virtio-pci 0000:00:0e.0: enabling device (0000 -> 0001)
Mar 14 11:21:22 kernel: [   27.288099] virtio-pci 0000:00:05.0: irq 42 for MSI/MSI-X
Mar 14 11:21:22 kernel: [   27.288114] virtio-pci 0000:00:05.0: irq 43 for MSI/MSI-X
Mar 14 11:21:22 kernel: [   27.288159] virtio-pci 0000:00:05.0: irq 44 for MSI/MSI-X
Mar 14 11:21:22 net/hw-detect.hotplug: Detected hotpluggable network interface lo
Mar 14 11:21:22 net/hw-detect.hotplug: Detected hotpluggable network interface eth0
Mar 14 11:21:23 check-missing-firmware: looking at dmesg again, restarting from \[   11.585976\]
Mar 14 11:21:23 check-missing-firmware: timestamp found, truncating dmesg accordingly
Mar 14 11:21:23 check-missing-firmware: saving timestamp for a later use: [   27.288159]
Mar 14 11:21:23 check-missing-firmware: /dev/.udev/firmware-missing does not exist, skipping
Mar 14 11:21:23 check-missing-firmware: /run/udev/firmware-missing does not exist, skipping
Mar 14 11:21:23 check-missing-firmware: no missing firmware in loaded kernel modules
Mar 14 11:21:23 check-missing-firmware: taking network interface eth0 up/down
Mar 14 11:21:24 check-missing-firmware: looking at dmesg again, restarting from \[   27.288159\]
Mar 14 11:21:24 check-missing-firmware: timestamp found, truncating dmesg accordingly
Mar 14 11:21:24 check-missing-firmware: saving timestamp for a later use: 
Mar 14 11:21:24 check-missing-firmware: /dev/.udev/firmware-missing does not exist, skipping
Mar 14 11:21:24 check-missing-firmware: /run/udev/firmware-missing does not exist, skipping
Mar 14 11:21:24 check-missing-firmware: no missing firmware in loaded kernel modules
Mar 14 11:21:25 main-menu[200]: INFO: Menu item 'netcfg' selected
Mar 14 11:21:25 netcfg[4269]: INFO: Starting netcfg v.1.131+deb8u1
Mar 14 11:21:25 netcfg[4269]: WARNING **: Couldn't read Wpasupplicant pid file, not trying to kill.
Mar 14 11:21:25 netcfg[4269]: INFO: Could not find valid BOOTIF= entry in /proc/cmdline
Mar 14 11:21:25 netcfg[4269]: INFO: Taking down interface eth0
Mar 14 11:21:25 netcfg[4269]: INFO: Taking down interface lo
Mar 14 11:21:25 netcfg[4269]: INFO: Activating interface eth0
Mar 14 11:21:25 netcfg[4269]: DEBUG: State is now 0
Mar 14 11:21:25 netcfg[4269]: DEBUG: Want link on eth0
Mar 14 11:21:25 netcfg[4269]: INFO: Waiting time set to 3
Mar 14 11:21:25 netcfg[4269]: INFO: ethtool-lite: eth0 is connected.
Mar 14 11:21:25 netcfg[4269]: INFO: Found link on eth0
Mar 14 11:21:25 netcfg[4269]: DEBUG: Commencing network autoconfiguration on eth0
Mar 14 11:21:25 netcfg[4269]: DEBUG: rdnssd started; PID: 4284
Mar 14 11:21:25 netcfg[4269]: DEBUG: nc_v6_interface_configured(eth0, scope local)
Mar 14 11:21:25 netcfg[4269]: DEBUG: Running ip addr show eth0 to look for address
Mar 14 11:21:25 netcfg[4269]: DEBUG: ip line: 2: eth0: <BROADCAST,MULTICAST,UP,LOWER_UP> mtu 1500 qdisc pfifo_fast qlen 1000
Mar 14 11:21:25 netcfg[4269]: DEBUG: ip line:     link/ether 00:1c:42:62:48:a4 brd ff:ff:ff:ff:ff:ff
Mar 14 11:21:25 netcfg[4269]: DEBUG: ip line:     inet6 fe80::21c:42ff:fe62:48a4/64 scope link tentative 
Mar 14 11:21:25 netcfg[4269]: DEBUG: ip line:        valid_lft forever preferred_lft forever
Mar 14 11:21:26 netcfg[4269]: DEBUG: nc_v6_interface_configured(eth0, scope local)
Mar 14 11:21:26 netcfg[4269]: DEBUG: Running ip addr show eth0 to look for address
Mar 14 11:21:26 netcfg[4269]: DEBUG: ip line: 2: eth0: <BROADCAST,MULTICAST,UP,LOWER_UP> mtu 1500 qdisc pfifo_fast qlen 1000
Mar 14 11:21:26 netcfg[4269]: DEBUG: ip line:     link/ether 00:1c:42:62:48:a4 brd ff:ff:ff:ff:ff:ff
Mar 14 11:21:26 netcfg[4269]: DEBUG: ip line:     inet6 fe80::21c:42ff:fe62:48a4/64 scope link tentative 
Mar 14 11:21:26 netcfg[4269]: DEBUG: ip line:        valid_lft forever preferred_lft forever
Mar 14 11:21:26 netcfg[4269]: DEBUG: nc_v6_interface_configured(eth0, scope local)
Mar 14 11:21:26 netcfg[4269]: DEBUG: Running ip addr show eth0 to look for address
Mar 14 11:21:26 netcfg[4269]: DEBUG: ip line: 2: eth0: <BROADCAST,MULTICAST,UP,LOWER_UP> mtu 1500 qdisc pfifo_fast qlen 1000
Mar 14 11:21:26 netcfg[4269]: DEBUG: ip line:     link/ether 00:1c:42:62:48:a4 brd ff:ff:ff:ff:ff:ff
Mar 14 11:21:26 netcfg[4269]: DEBUG: ip line:     inet6 fe80::21c:42ff:fe62:48a4/64 scope link 
Mar 14 11:21:26 netcfg[4269]: DEBUG: Configured address found
Mar 14 11:21:26 netcfg[4269]: DEBUG: ip line:        valid_lft forever preferred_lft forever
Mar 14 11:21:26 netcfg[4269]: DEBUG: Running rdisc6 -1 -r 1 -w 500 -n eth0 to get IPv6 config flags
Mar 14 11:21:26 netcfg[4269]: DEBUG: rdisc6 line: Soliciting ff02::2 (ff02::2) on eth0...
Mar 14 11:21:26 netcfg[4269]: DEBUG: rdisc6 line: Timed out.
Mar 14 11:21:26 netcfg[4269]: DEBUG: rdisc6 line: No response.
Mar 14 11:21:26 netcfg[4269]: DEBUG: rdisc6 parsing finished
Mar 14 11:21:27 netcfg[4269]: DEBUG: rdisc6 line: Soliciting ff02::2 (ff02::2) on eth0...
Mar 14 11:21:27 netcfg[4269]: DEBUG: rdisc6 line: Timed out.
Mar 14 11:21:27 netcfg[4269]: DEBUG: rdisc6 line: No response.
Mar 14 11:21:27 netcfg[4269]: DEBUG: rdisc6 parsing finished
Mar 14 11:21:27 netcfg[4269]: DEBUG: rdisc6 line: Soliciting ff02::2 (ff02::2) on eth0...
Mar 14 11:21:27 netcfg[4269]: DEBUG: rdisc6 line: Timed out.
Mar 14 11:21:27 netcfg[4269]: DEBUG: rdisc6 line: No response.
Mar 14 11:21:27 netcfg[4269]: DEBUG: rdisc6 parsing finished
Mar 14 11:21:28 netcfg[4269]: DEBUG: rdisc6 line: Soliciting ff02::2 (ff02::2) on eth0...
Mar 14 11:21:28 netcfg[4269]: DEBUG: rdisc6 line: Timed out.
Mar 14 11:21:28 netcfg[4269]: DEBUG: rdisc6 line: No response.
Mar 14 11:21:28 netcfg[4269]: DEBUG: rdisc6 parsing finished
Mar 14 11:21:28 netcfg[4269]: DEBUG: rdisc6 line: Soliciting ff02::2 (ff02::2) on eth0...
Mar 14 11:21:28 netcfg[4269]: DEBUG: rdisc6 line: Timed out.
Mar 14 11:21:28 netcfg[4269]: DEBUG: rdisc6 line: No response.
Mar 14 11:21:28 netcfg[4269]: DEBUG: rdisc6 parsing finished
Mar 14 11:21:29 netcfg[4269]: DEBUG: rdisc6 line: Soliciting ff02::2 (ff02::2) on eth0...
Mar 14 11:21:29 netcfg[4269]: DEBUG: rdisc6 line: Timed out.
Mar 14 11:21:29 netcfg[4269]: DEBUG: rdisc6 line: No response.
Mar 14 11:21:29 netcfg[4269]: DEBUG: rdisc6 parsing finished
Mar 14 11:21:29 netcfg[4269]: DEBUG: rdisc6 line: Soliciting ff02::2 (ff02::2) on eth0...
Mar 14 11:21:29 netcfg[4269]: DEBUG: rdisc6 line: Timed out.
Mar 14 11:21:29 netcfg[4269]: DEBUG: rdisc6 line: No response.
Mar 14 11:21:29 netcfg[4269]: DEBUG: rdisc6 parsing finished
Mar 14 11:21:30 netcfg[4269]: DEBUG: rdisc6 line: Soliciting ff02::2 (ff02::2) on eth0...
Mar 14 11:21:30 netcfg[4269]: DEBUG: rdisc6 line: Timed out.
Mar 14 11:21:30 netcfg[4269]: DEBUG: rdisc6 line: No response.
Mar 14 11:21:30 netcfg[4269]: DEBUG: rdisc6 parsing finished
Mar 14 11:21:30 netcfg[4269]: DEBUG: rdisc6 line: Soliciting ff02::2 (ff02::2) on eth0...
Mar 14 11:21:30 netcfg[4269]: DEBUG: rdisc6 line: Timed out.
Mar 14 11:21:30 netcfg[4269]: DEBUG: rdisc6 line: No response.
Mar 14 11:21:30 netcfg[4269]: DEBUG: rdisc6 parsing finished
Mar 14 11:21:31 netcfg[4269]: DEBUG: rdisc6 line: Soliciting ff02::2 (ff02::2) on eth0...
Mar 14 11:21:31 netcfg[4269]: DEBUG: rdisc6 line: Timed out.
Mar 14 11:21:31 netcfg[4269]: DEBUG: rdisc6 line: No response.
Mar 14 11:21:31 netcfg[4269]: DEBUG: rdisc6 parsing finished
Mar 14 11:21:32 netcfg[4269]: DEBUG: rdisc6 line: Soliciting ff02::2 (ff02::2) on eth0...
Mar 14 11:21:32 netcfg[4269]: DEBUG: rdisc6 line: Timed out.
Mar 14 11:21:32 netcfg[4269]: DEBUG: rdisc6 line: No response.
Mar 14 11:21:32 netcfg[4269]: DEBUG: rdisc6 parsing finished
Mar 14 11:21:32 netcfg[4269]: DEBUG: rdisc6 line: Soliciting ff02::2 (ff02::2) on eth0...
Mar 14 11:21:32 netcfg[4269]: DEBUG: rdisc6 line: Timed out.
Mar 14 11:21:32 netcfg[4269]: DEBUG: rdisc6 line: No response.
Mar 14 11:21:32 netcfg[4269]: DEBUG: rdisc6 parsing finished
Mar 14 11:21:32 netcfg[4269]: DEBUG: Stopping rdnssd, PID 4284
Mar 14 11:21:32 netcfg[4269]: DEBUG: No RA received; attempting IPv4 autoconfig
Mar 14 11:21:32 netcfg[4269]: WARNING **: Started DHCP client; PID is 4316
Mar 14 11:21:32 udhcpc: Got IP 2.0.0.9 (using eth0) and routing through 2.0.0.1
Mar 14 11:21:35 netcfg[4269]: DEBUG: Reading domain name returned via DHCP
Mar 14 11:21:35 netcfg[4269]: DEBUG: DHCP domain name is 'localdomain'
Mar 14 11:21:35 netcfg[4269]: DEBUG: Reading nameservers from /etc/resolv.conf
Mar 14 11:21:35 netcfg[4269]: DEBUG: Read nameserver 2.0.0.1
Mar 14 11:21:35 netcfg[4269]: DEBUG: State is now 1
Mar 14 11:21:35 netcfg[4269]: DEBUG: State is now 2
Mar 14 11:21:35 netcfg[4269]: DEBUG: State is now 5
Mar 14 11:21:35 netcfg[4269]: INFO: DHCP hostname: "bad"
Mar 14 11:21:35 netcfg[4269]: DEBUG: bad is a valid FQDN
Mar 14 11:21:35 netcfg[4269]: DEBUG: Preseeding domain from global: localdomain
Mar 14 11:21:51 netcfg[4269]: DEBUG: State is now 6
Mar 14 11:21:53 netcfg[4269]: DEBUG: Network config complete
Mar 14 11:21:53 netcfg[4269]: DEBUG: No interface given; clearing /etc/network/interfaces
Mar 14 11:21:53 netcfg[4269]: DEBUG: Writing informative header
Mar 14 11:21:53 netcfg[4269]: DEBUG: Success!
Mar 14 11:21:53 netcfg[4269]: DEBUG: Writing loopback interface
Mar 14 11:21:53 netcfg[4269]: DEBUG: Success!
Mar 14 11:21:53 netcfg[4269]: DEBUG: Writing DHCP stanza for eth0
Mar 14 11:21:53 netcfg[4269]: INFO: Detected eth0 as a hotpluggable device
Mar 14 11:21:53 netcfg[4269]: DEBUG: Success!
Mar 14 11:21:54 main-menu[200]: (process:4268): udhcpc (v1.22.1) started
Mar 14 11:21:54 main-menu[200]: (process:4268): Sending discover...
Mar 14 11:21:54 main-menu[200]: (process:4268): Sending select for 2.0.0.9...
Mar 14 11:21:54 main-menu[200]: (process:4268): Lease of 2.0.0.9 obtained, lease time 1800
Mar 14 11:21:54 main-menu[200]: INFO: Menu item 'user-setup-udeb' selected
Mar 14 11:22:00 main-menu[200]: INFO: Menu item 'clock-setup' selected
Mar 14 11:22:00 clock-setup: rdate called using NTP server 0.debian.pool.ntp.org.
Mar 14 11:22:04 clock-setup: Tue Mar 14 11:22:04 UTC 2017
Mar 14 11:22:04 clock-setup: rdate: adjust local clock by -0.398509 seconds
Mar 14 11:22:08 main-menu[200]: INFO: Menu item 'disk-detect' selected
Mar 14 11:22:08 net/hw-detect.hotplug: Detected hotpluggable network interface eth0
Mar 14 11:22:08 net/hw-detect.hotplug: Detected hotpluggable network interface lo
Mar 14 11:22:09 check-missing-firmware: looking at dmesg again, restarting from 
Mar 14 11:22:09 check-missing-firmware: timestamp found, truncating dmesg accordingly
Mar 14 11:22:09 check-missing-firmware: saving timestamp for a later use: [   27.288159]
Mar 14 11:22:09 check-missing-firmware: /dev/.udev/firmware-missing does not exist, skipping
Mar 14 11:22:09 check-missing-firmware: /run/udev/firmware-missing does not exist, skipping
Mar 14 11:22:09 check-missing-firmware: no missing firmware in loaded kernel modules
Mar 14 11:22:09 kernel: [   74.333648]  sda: unknown partition table
Mar 14 11:22:10 check-missing-firmware: looking at dmesg again, restarting from \[   27.288159\]
Mar 14 11:22:10 check-missing-firmware: timestamp found, truncating dmesg accordingly
Mar 14 11:22:10 check-missing-firmware: saving timestamp for a later use: [   74.333648]
Mar 14 11:22:10 check-missing-firmware: /dev/.udev/firmware-missing does not exist, skipping
Mar 14 11:22:10 check-missing-firmware: /run/udev/firmware-missing does not exist, skipping
Mar 14 11:22:10 check-missing-firmware: no missing firmware in loaded kernel modules
Mar 14 11:22:10 main-menu[200]: INFO: Menu item 'partman-base' selected
Mar 14 11:22:10 anna-install: Installing partman-auto-lvm
Mar 14 11:22:10 anna[4730]: DEBUG: resolver (cdebconf-udeb): package doesn't exist (ignored)
Mar 14 11:22:10 anna[4730]: DEBUG: resolver (di-utils): package doesn't exist (ignored)
Mar 14 11:22:10 anna[4730]: DEBUG: resolver (kernel-image-3.16.0-4-amd64-di): package doesn't exist (ignored)
Mar 14 11:22:10 anna[4730]: DEBUG: resolver (core-modules-3.16.0-4-amd64-di): package doesn't exist (ignored)
Mar 14 11:22:10 anna[4730]: DEBUG: resolver (fat-modules): package doesn't exist (ignored)
Mar 14 11:22:10 anna[4730]: DEBUG: resolver (libdebian-installer4-udeb): package doesn't exist (ignored)
Mar 14 11:22:10 anna[4730]: DEBUG: resolver (archdetect): package doesn't exist (ignored)
Mar 14 11:22:10 anna[4730]: DEBUG: resolver (hw-detect): package doesn't exist (ignored)
Mar 14 11:22:10 anna[4730]: DEBUG: retrieving lvm2-udeb 2.02.111-2.2+deb8u1
Mar 14 11:22:11 anna[4730]: DEBUG: retrieving partman-auto-lvm 56
Mar 14 11:22:11 anna[4730]: DEBUG: retrieving partman-lvm 107
Mar 14 11:22:12 anna-install: Installing partman-auto-crypto
Mar 14 11:22:12 anna[4836]: DEBUG: resolver (cdebconf-udeb): package doesn't exist (ignored)
Mar 14 11:22:12 anna[4836]: DEBUG: resolver (di-utils): package doesn't exist (ignored)
Mar 14 11:22:12 anna[4836]: DEBUG: resolver (kernel-image-3.16.0-4-amd64-di): package doesn't exist (ignored)
Mar 14 11:22:12 anna[4836]: DEBUG: resolver (core-modules-3.16.0-4-amd64-di): package doesn't exist (ignored)
Mar 14 11:22:12 anna[4836]: DEBUG: resolver (fat-modules): package doesn't exist (ignored)
Mar 14 11:22:12 anna[4836]: DEBUG: resolver (libdebian-installer4-udeb): package doesn't exist (ignored)
Mar 14 11:22:12 anna[4836]: DEBUG: resolver (archdetect): package doesn't exist (ignored)
Mar 14 11:22:12 anna[4836]: DEBUG: resolver (hw-detect): package doesn't exist (ignored)
Mar 14 11:22:12 anna[4836]: DEBUG: retrieving partman-auto-crypto 22
Mar 14 11:22:12 anna[4836]: DEBUG: retrieving partman-crypto 81
Mar 14 11:22:13 kernel: [   78.247557] raid6: sse2x1    7285 MB/s
Mar 14 11:22:13 kernel: [   78.315507] raid6: sse2x2    8626 MB/s
Mar 14 11:22:13 kernel: [   78.383431] raid6: sse2x4   10610 MB/s
Mar 14 11:22:13 kernel: [   78.383434] raid6: using algorithm sse2x4 (10610 MB/s)
Mar 14 11:22:13 kernel: [   78.383436] raid6: using ssse3x2 recovery algorithm
Mar 14 11:22:13 kernel: [   78.384055] xor: automatically using best checksumming function:
Mar 14 11:22:13 kernel: [   78.423136]    avx       : 22444.000 MB/sec
Mar 14 11:22:13 kernel: [   78.429796] Btrfs loaded
Mar 14 11:22:13 kernel: [   78.441067] JFS: nTxBlock = 7976, nTxLock = 63812
Mar 14 11:22:13 kernel: [   78.459680] SGI XFS with ACLs, security attributes, realtime, large block/inode numbers, no debug enabled
Mar 14 11:22:13 md-devices: mdadm: No arrays found in config file or automatically
Mar 14 11:22:13 kernel: [   78.703894] device-mapper: uevent: version 1.0.3
Mar 14 11:22:13 kernel: [   78.703996] device-mapper: ioctl: 4.27.0-ioctl (2013-10-30) initialised: dm-devel@redhat.com
Mar 14 11:22:13 partman:   No matching physical volumes found
Mar 14 11:22:13 partman:   Reading all physical volumes.  This may take a while...
Mar 14 11:22:13 partman:   No volume groups found
Mar 14 11:22:13 partman-lvm:   No volume groups found
Mar 14 11:22:13 kernel: [   78.730889]  sda: unknown partition table
Mar 14 11:22:13 kernel: [   78.751083]  sda: unknown partition table
Mar 14 11:22:21 kernel: [   86.339348]  sda: unknown partition table
Mar 14 11:22:30 kernel: [   95.572190]  sda: sda1
Mar 14 11:22:30 partman: mke2fs 1.42.12 (29-Aug-2014)
Mar 14 11:22:31 kernel: [   95.992316] EXT4-fs (sda1): mounted filesystem with ordered data mode. Opts: errors=remount-ro
Mar 14 11:22:31 apt-install: Queueing package e2fsprogs for later installation
Mar 14 11:22:31 main-menu[200]: (process:4716): /lib/partman/free_space/50new/do_option: line 226: /lib/partman/active_partition/copy/choices: not found
Mar 14 11:22:31 main-menu[200]: INFO: Menu item 'bootstrap-base' selected
Mar 14 11:22:38 debootstrap: dpkg: warning: parsing file '/var/lib/dpkg/status' near line 5 package 'dpkg':
Mar 14 11:22:38 debootstrap:  missing description
Mar 14 11:22:38 debootstrap: dpkg: warning: parsing file '/var/lib/dpkg/status' near line 5 package 'dpkg':
Mar 14 11:22:38 debootstrap:  missing architecture
Mar 14 11:22:38 debootstrap: Selecting previously unselected package base-passwd.
Mar 14 11:22:38 debootstrap: (Reading database ... 0 files and directories currently installed.)
Mar 14 11:22:38 debootstrap: Preparing to unpack .../base-passwd_3.5.37_amd64.deb ...
Mar 14 11:22:38 debootstrap: Unpacking base-passwd (3.5.37) ...
Mar 14 11:22:38 debootstrap: Setting up base-passwd (3.5.37) ...
Mar 14 11:22:38 debootstrap: dpkg: base-passwd: dependency problems, but configuring anyway as you requested:
Mar 14 11:22:38 debootstrap:  base-passwd depends on libc6 (>= 2.8); however:
Mar 14 11:22:38 debootstrap:   Package libc6 is not installed.
Mar 14 11:22:38 debootstrap:  base-passwd depends on libdebconfclient0 (>= 0.145); however:
Mar 14 11:22:38 debootstrap:   Package libdebconfclient0 is not installed.
Mar 14 11:22:38 debootstrap: 
Mar 14 11:22:38 debootstrap: dpkg: warning: parsing file '/var/lib/dpkg/status' near line 24 package 'dpkg':
Mar 14 11:22:38 debootstrap:  missing description
Mar 14 11:22:38 debootstrap: dpkg: warning: parsing file '/var/lib/dpkg/status' near line 24 package 'dpkg':
Mar 14 11:22:38 debootstrap:  missing architecture
Mar 14 11:22:38 debootstrap: Selecting previously unselected package base-files.
Mar 14 11:22:38 debootstrap: (Reading database ... 41 files and directories currently installed.)
Mar 14 11:22:38 debootstrap: Preparing to unpack .../base-files_8+deb8u7_amd64.deb ...
Mar 14 11:22:38 debootstrap: dpkg: regarding .../base-files_8+deb8u7_amd64.deb containing base-files, pre-dependency problem:
Mar 14 11:22:38 debootstrap:  base-files pre-depends on awk
Mar 14 11:22:38 debootstrap:   awk is not installed.
Mar 14 11:22:38 debootstrap: 
Mar 14 11:22:38 debootstrap: dpkg: warning: ignoring pre-dependency problem!
Mar 14 11:22:38 debootstrap: Unpacking base-files (8+deb8u7) ...
Mar 14 11:22:38 debootstrap: Setting up base-files (8+deb8u7) ...
Mar 14 11:22:38 debootstrap: dpkg: base-files: dependency problems, but configuring anyway as you requested:
Mar 14 11:22:38 debootstrap:  base-files depends on awk; however:
Mar 14 11:22:38 debootstrap:   Package awk is not installed.
Mar 14 11:22:38 debootstrap: 
Mar 14 11:22:38 debootstrap: dpkg: warning: parsing file '/var/lib/dpkg/status' near line 50 package 'dpkg':
Mar 14 11:22:38 debootstrap:  missing description
Mar 14 11:22:38 debootstrap: dpkg: warning: parsing file '/var/lib/dpkg/status' near line 50 package 'dpkg':
Mar 14 11:22:38 debootstrap:  missing architecture
Mar 14 11:22:38 debootstrap: (Reading database ... 117 files and directories currently installed.)
Mar 14 11:22:38 debootstrap: Preparing to unpack .../dpkg_1.17.27_amd64.deb ...
Mar 14 11:22:38 debootstrap: dpkg: regarding .../dpkg_1.17.27_amd64.deb containing dpkg, pre-dependency problem:
Mar 14 11:22:38 debootstrap:  dpkg pre-depends on libbz2-1.0
Mar 14 11:22:38 debootstrap:   libbz2-1.0 is not installed.
Mar 14 11:22:38 debootstrap: 
Mar 14 11:22:38 debootstrap: dpkg: warning: ignoring pre-dependency problem!
Mar 14 11:22:38 debootstrap: dpkg: regarding .../dpkg_1.17.27_amd64.deb containing dpkg, pre-dependency problem:
Mar 14 11:22:38 debootstrap:  dpkg pre-depends on libc6 (>= 2.14)
Mar 14 11:22:38 debootstrap:   libc6 is not installed.
Mar 14 11:22:38 debootstrap: 
Mar 14 11:22:38 debootstrap: dpkg: warning: ignoring pre-dependency problem!
Mar 14 11:22:38 debootstrap: dpkg: regarding .../dpkg_1.17.27_amd64.deb containing dpkg, pre-dependency problem:
Mar 14 11:22:38 debootstrap:  dpkg pre-depends on liblzma5 (>= 5.1.1alpha+20120614)
Mar 14 11:22:38 debootstrap:   liblzma5 is not installed.
Mar 14 11:22:38 debootstrap: 
Mar 14 11:22:38 debootstrap: dpkg: warning: ignoring pre-dependency problem!
Mar 14 11:22:38 debootstrap: dpkg: regarding .../dpkg_1.17.27_amd64.deb containing dpkg, pre-dependency problem:
Mar 14 11:22:38 debootstrap:  dpkg pre-depends on libselinux1 (>= 2.3)
Mar 14 11:22:38 debootstrap:   libselinux1 is not installed.
Mar 14 11:22:38 debootstrap: 
Mar 14 11:22:38 debootstrap: dpkg: warning: ignoring pre-dependency problem!
Mar 14 11:22:38 debootstrap: dpkg: regarding .../dpkg_1.17.27_amd64.deb containing dpkg, pre-dependency problem:
Mar 14 11:22:38 debootstrap:  dpkg pre-depends on zlib1g (>= 1:1.1.4)
Mar 14 11:22:38 debootstrap:   zlib1g is not installed.
Mar 14 11:22:38 debootstrap: 
Mar 14 11:22:38 debootstrap: dpkg: warning: ignoring pre-dependency problem!
Mar 14 11:22:38 debootstrap: dpkg: regarding .../dpkg_1.17.27_amd64.deb containing dpkg, pre-dependency problem:
Mar 14 11:22:38 debootstrap:  dpkg pre-depends on tar (>= 1.23)
Mar 14 11:22:38 debootstrap:   tar is not installed.
Mar 14 11:22:38 debootstrap: 
Mar 14 11:22:38 debootstrap: dpkg: warning: ignoring pre-dependency problem!
Mar 14 11:22:38 debootstrap: Unpacking dpkg (1.17.27) over (1.17.27) ...
Mar 14 11:22:39 debootstrap: Setting up dpkg (1.17.27) ...
Mar 14 11:22:39 debootstrap: dpkg: dpkg: dependency problems, but configuring anyway as you requested:
Mar 14 11:22:39 debootstrap:  dpkg depends on libbz2-1.0; however:
Mar 14 11:22:39 debootstrap:   Package libbz2-1.0 is not installed.
Mar 14 11:22:39 debootstrap:  dpkg depends on libc6 (>= 2.14); however:
Mar 14 11:22:39 debootstrap:   Package libc6 is not installed.
Mar 14 11:22:39 debootstrap:  dpkg depends on liblzma5 (>= 5.1.1alpha+20120614); however:
Mar 14 11:22:39 debootstrap:   Package liblzma5 is not installed.
Mar 14 11:22:39 debootstrap:  dpkg depends on libselinux1 (>= 2.3); however:
Mar 14 11:22:39 debootstrap:   Package libselinux1 is not installed.
Mar 14 11:22:39 debootstrap:  dpkg depends on zlib1g (>= 1:1.1.4); however:
Mar 14 11:22:39 debootstrap:   Package zlib1g is not installed.
Mar 14 11:22:39 debootstrap:  dpkg depends on tar (>= 1.23); however:
Mar 14 11:22:39 debootstrap:   Package tar is not installed.
Mar 14 11:22:39 debootstrap: 
Mar 14 11:22:39 debootstrap: Selecting previously unselected package libc6:amd64.
Mar 14 11:22:39 debootstrap: (Reading database ... 380 files and directories currently installed.)
Mar 14 11:22:39 debootstrap: Preparing to unpack .../libc6_2.19-18+deb8u7_amd64.deb ...
Mar 14 11:22:39 debootstrap: Unpacking libc6:amd64 (2.19-18+deb8u7) ...
Mar 14 11:22:39 debootstrap: Setting up libc6:amd64 (2.19-18+deb8u7) ...
Mar 14 11:22:39 debootstrap: dpkg: libc6:amd64: dependency problems, but configuring anyway as you requested:
Mar 14 11:22:39 debootstrap:  libc6:amd64 depends on libgcc1; however:
Mar 14 11:22:39 debootstrap:   Package libgcc1 is not installed.
Mar 14 11:22:39 debootstrap: 
Mar 14 11:22:39 debootstrap: Selecting previously unselected package perl-base.
Mar 14 11:22:39 debootstrap: (Reading database ... 697 files and directories currently installed.)
Mar 14 11:22:39 debootstrap: Preparing to unpack .../perl-base_5.20.2-3+deb8u6_amd64.deb ...
Mar 14 11:22:39 debootstrap: Unpacking perl-base (5.20.2-3+deb8u6) ...
Mar 14 11:22:39 debootstrap: Setting up perl-base (5.20.2-3+deb8u6) ...
Mar 14 11:22:39 debootstrap: Selecting previously unselected package mawk.
Mar 14 11:22:39 debootstrap: (Reading database ... 1272 files and directories currently installed.)
Mar 14 11:22:39 debootstrap: Preparing to unpack .../mawk_1.3.3-17_amd64.deb ...
Mar 14 11:22:39 debootstrap: Unpacking mawk (1.3.3-17) ...
Mar 14 11:22:39 debootstrap: Setting up mawk (1.3.3-17) ...
Mar 14 11:22:40 debootstrap: Selecting previously unselected package debconf.
Mar 14 11:22:40 debootstrap: (Reading database ... 1291 files and directories currently installed.)
Mar 14 11:22:40 debootstrap: Preparing to unpack .../debconf_1.5.56_all.deb ...
Mar 14 11:22:40 debootstrap: Unpacking debconf (1.5.56) ...
Mar 14 11:22:40 debootstrap: Setting up debconf (1.5.56) ...
Mar 14 11:22:40 debootstrap: Selecting previously unselected package gcc-4.9-base:amd64.
Mar 14 11:22:40 debootstrap: (Reading database ... 1469 files and directories currently installed.)
Mar 14 11:22:40 debootstrap: Preparing to unpack .../gcc-4.9-base_4.9.2-10_amd64.deb ...
Mar 14 11:22:40 debootstrap: Unpacking gcc-4.9-base:amd64 (4.9.2-10) ...
Mar 14 11:22:40 debootstrap: Selecting previously unselected package libgcc1:amd64.
Mar 14 11:22:40 debootstrap: Preparing to unpack .../libgcc1_1%3a4.9.2-10_amd64.deb ...
Mar 14 11:22:40 debootstrap: dpkg: regarding .../libgcc1_1%3a4.9.2-10_amd64.deb containing libgcc1:amd64, pre-dependency problem:
Mar 14 11:22:40 debootstrap:  libgcc1 pre-depends on multiarch-support
Mar 14 11:22:40 debootstrap:   multiarch-support is not installed.
Mar 14 11:22:40 debootstrap: 
Mar 14 11:22:40 debootstrap: dpkg: warning: ignoring pre-dependency problem!
Mar 14 11:22:40 debootstrap: Unpacking libgcc1:amd64 (1:4.9.2-10) ...
Mar 14 11:22:40 debootstrap: Preparing to unpack .../libc6_2.19-18+deb8u7_amd64.deb ...
Mar 14 11:22:40 debootstrap: Unpacking libc6:amd64 (2.19-18+deb8u7) over (2.19-18+deb8u7) ...
Mar 14 11:22:40 debootstrap: Selecting previously unselected package libattr1:amd64.
Mar 14 11:22:40 debootstrap: dpkg: regarding .../libattr1_1%3a2.4.47-2_amd64.deb containing libattr1:amd64, pre-dependency problem:
Mar 14 11:22:40 debootstrap:  libattr1 pre-depends on multiarch-support
Mar 14 11:22:40 debootstrap:   multiarch-support is not installed.
Mar 14 11:22:40 debootstrap: 
Mar 14 11:22:40 debootstrap: dpkg: warning: ignoring pre-dependency problem!
Mar 14 11:22:40 debootstrap: Preparing to unpack .../libattr1_1%3a2.4.47-2_amd64.deb ...
Mar 14 11:22:40 debootstrap: Unpacking libattr1:amd64 (1:2.4.47-2) ...
Mar 14 11:22:40 debootstrap: Selecting previously unselected package libacl1:amd64.
Mar 14 11:22:40 debootstrap: dpkg: regarding .../libacl1_2.2.52-2_amd64.deb containing libacl1:amd64, pre-dependency problem:
Mar 14 11:22:40 debootstrap:  libacl1 pre-depends on multiarch-support
Mar 14 11:22:40 debootstrap:   multiarch-support is not installed.
Mar 14 11:22:40 debootstrap: 
Mar 14 11:22:40 debootstrap: dpkg: warning: ignoring pre-dependency problem!
Mar 14 11:22:40 debootstrap: Preparing to unpack .../libacl1_2.2.52-2_amd64.deb ...
Mar 14 11:22:40 debootstrap: Unpacking libacl1:amd64 (2.2.52-2) ...
Mar 14 11:22:40 debootstrap: Selecting previously unselected package acl.
Mar 14 11:22:40 debootstrap: Preparing to unpack .../acl_2.2.52-2_amd64.deb ...
Mar 14 11:22:40 debootstrap: Unpacking acl (2.2.52-2) ...
Mar 14 11:22:41 debootstrap: Selecting previously unselected package libbz2-1.0:amd64.
Mar 14 11:22:41 debootstrap: dpkg: regarding .../libbz2-1.0_1.0.6-7+b3_amd64.deb containing libbz2-1.0:amd64, pre-dependency problem:
Mar 14 11:22:41 debootstrap:  libbz2-1.0 pre-depends on multiarch-support
Mar 14 11:22:41 debootstrap:   multiarch-support is not installed.
Mar 14 11:22:41 debootstrap: 
Mar 14 11:22:41 debootstrap: dpkg: warning: ignoring pre-dependency problem!
Mar 14 11:22:41 debootstrap: Preparing to unpack .../libbz2-1.0_1.0.6-7+b3_amd64.deb ...
Mar 14 11:22:41 debootstrap: Unpacking libbz2-1.0:amd64 (1.0.6-7+b3) ...
Mar 14 11:22:41 debootstrap: Selecting previously unselected package liblzma5:amd64.
Mar 14 11:22:41 debootstrap: dpkg: regarding .../liblzma5_5.1.1alpha+20120614-2+b3_amd64.deb containing liblzma5:amd64, pre-dependency problem:
Mar 14 11:22:41 debootstrap:  liblzma5 pre-depends on multiarch-support
Mar 14 11:22:41 debootstrap:   multiarch-support is not installed.
Mar 14 11:22:41 debootstrap: 
Mar 14 11:22:41 debootstrap: dpkg: warning: ignoring pre-dependency problem!
Mar 14 11:22:41 debootstrap: Preparing to unpack .../liblzma5_5.1.1alpha+20120614-2+b3_amd64.deb ...
Mar 14 11:22:41 debootstrap: Unpacking liblzma5:amd64 (5.1.1alpha+20120614-2+b3) ...
Mar 14 11:22:41 debootstrap: Selecting previously unselected package libpcre3:amd64.
Mar 14 11:22:41 debootstrap: dpkg: regarding .../libpcre3_2%3a8.35-3.3+deb8u4_amd64.deb containing libpcre3:amd64, pre-dependency problem:
Mar 14 11:22:41 debootstrap:  libpcre3 pre-depends on multiarch-support
Mar 14 11:22:41 debootstrap:   multiarch-support is not installed.
Mar 14 11:22:41 debootstrap: 
Mar 14 11:22:41 debootstrap: dpkg: warning: ignoring pre-dependency problem!
Mar 14 11:22:41 debootstrap: Preparing to unpack .../libpcre3_2%3a8.35-3.3+deb8u4_amd64.deb ...
Mar 14 11:22:41 debootstrap: Unpacking libpcre3:amd64 (2:8.35-3.3+deb8u4) ...
Mar 14 11:22:41 debootstrap: dpkg: regarding .../dpkg_1.17.27_amd64.deb containing dpkg, pre-dependency problem:
Mar 14 11:22:41 debootstrap:  dpkg pre-depends on libbz2-1.0
Mar 14 11:22:41 debootstrap:   libbz2-1.0:amd64 is unpacked, but has never been configured.
Mar 14 11:22:41 debootstrap: 
Mar 14 11:22:41 debootstrap: dpkg: warning: ignoring pre-dependency problem!
Mar 14 11:22:41 debootstrap: dpkg: regarding .../dpkg_1.17.27_amd64.deb containing dpkg, pre-dependency problem:
Mar 14 11:22:41 debootstrap:  dpkg pre-depends on liblzma5 (>= 5.1.1alpha+20120614)
Mar 14 11:22:41 debootstrap:   liblzma5:amd64 is unpacked, but has never been configured.
Mar 14 11:22:41 debootstrap: 
Mar 14 11:22:41 debootstrap: dpkg: warning: ignoring pre-dependency problem!
Mar 14 11:22:41 debootstrap: dpkg: regarding .../dpkg_1.17.27_amd64.deb containing dpkg, pre-dependency problem:
Mar 14 11:22:41 debootstrap:  dpkg pre-depends on libselinux1 (>= 2.3)
Mar 14 11:22:41 debootstrap:   libselinux1 is not installed.
Mar 14 11:22:41 debootstrap: 
Mar 14 11:22:41 debootstrap: dpkg: warning: ignoring pre-dependency problem!
Mar 14 11:22:41 debootstrap: dpkg: regarding .../dpkg_1.17.27_amd64.deb containing dpkg, pre-dependency problem:
Mar 14 11:22:41 debootstrap:  dpkg pre-depends on zlib1g (>= 1:1.1.4)
Mar 14 11:22:41 debootstrap:   zlib1g is not installed.
Mar 14 11:22:41 debootstrap: 
Mar 14 11:22:41 debootstrap: dpkg: warning: ignoring pre-dependency problem!
Mar 14 11:22:41 debootstrap: dpkg: regarding .../dpkg_1.17.27_amd64.deb containing dpkg, pre-dependency problem:
Mar 14 11:22:41 debootstrap:  dpkg pre-depends on tar (>= 1.23)
Mar 14 11:22:41 debootstrap:   tar is not installed.
Mar 14 11:22:41 debootstrap: 
Mar 14 11:22:41 debootstrap: dpkg: warning: ignoring pre-dependency problem!
Mar 14 11:22:41 debootstrap: Preparing to unpack .../dpkg_1.17.27_amd64.deb ...
Mar 14 11:22:41 debootstrap: Unpacking dpkg (1.17.27) over (1.17.27) ...
Mar 14 11:22:41 debootstrap: Selecting previously unselected package libaudit-common.
Mar 14 11:22:41 debootstrap: Preparing to unpack .../libaudit-common_1%3a2.4-1_all.deb ...
Mar 14 11:22:41 debootstrap: Unpacking libaudit-common (1:2.4-1) ...
Mar 14 11:22:41 debootstrap: Selecting previously unselected package libaudit1:amd64.
Mar 14 11:22:41 debootstrap: dpkg: regarding .../libaudit1_1%3a2.4-1+b1_amd64.deb containing libaudit1:amd64, pre-dependency problem:
Mar 14 11:22:41 debootstrap:  libaudit1 pre-depends on multiarch-support
Mar 14 11:22:41 debootstrap:   multiarch-support is not installed.
Mar 14 11:22:41 debootstrap: 
Mar 14 11:22:41 debootstrap: dpkg: warning: ignoring pre-dependency problem!
Mar 14 11:22:41 debootstrap: Preparing to unpack .../libaudit1_1%3a2.4-1+b1_amd64.deb ...
Mar 14 11:22:41 debootstrap: Unpacking libaudit1:amd64 (1:2.4-1+b1) ...
Mar 14 11:22:41 debootstrap: Preparing to unpack .../debconf_1.5.56_all.deb ...
Mar 14 11:22:41 debootstrap: Unpacking debconf (1.5.56) over (1.5.56) ...
Mar 14 11:22:41 debootstrap: Selecting previously unselected package libpam0g:amd64.
Mar 14 11:22:41 debootstrap: dpkg: regarding .../libpam0g_1.1.8-3.1+deb8u2_amd64.deb containing libpam0g:amd64, pre-dependency problem:
Mar 14 11:22:41 debootstrap:  libpam0g pre-depends on multiarch-support
Mar 14 11:22:41 debootstrap:   multiarch-support is not installed.
Mar 14 11:22:41 debootstrap: 
Mar 14 11:22:41 debootstrap: dpkg: warning: ignoring pre-dependency problem!
Mar 14 11:22:41 debootstrap: Preparing to unpack .../libpam0g_1.1.8-3.1+deb8u2_amd64.deb ...
Mar 14 11:22:41 debootstrap: Unpacking libpam0g:amd64 (1.1.8-3.1+deb8u2) ...
Mar 14 11:22:41 debootstrap: Selecting previously unselected package libdb5.3:amd64.
Mar 14 11:22:41 debootstrap: dpkg: regarding .../libdb5.3_5.3.28-9_amd64.deb containing libdb5.3:amd64, pre-dependency problem:
Mar 14 11:22:41 debootstrap:  libdb5.3 pre-depends on multiarch-support
Mar 14 11:22:41 debootstrap:   multiarch-support is not installed.
Mar 14 11:22:41 debootstrap: 
Mar 14 11:22:41 debootstrap: dpkg: warning: ignoring pre-dependency problem!
Mar 14 11:22:41 debootstrap: Preparing to unpack .../libdb5.3_5.3.28-9_amd64.deb ...
Mar 14 11:22:41 debootstrap: Unpacking libdb5.3:amd64 (5.3.28-9) ...
Mar 14 11:22:41 debootstrap: Selecting previously unselected package libpam-modules-bin.
Mar 14 11:22:41 debootstrap: Preparing to unpack .../libpam-modules-bin_1.1.8-3.1+deb8u2_amd64.deb ...
Mar 14 11:22:41 debootstrap: Unpacking libpam-modules-bin (1.1.8-3.1+deb8u2) ...
Mar 14 11:22:41 debootstrap: Selecting previously unselected package libpam-modules:amd64.
Mar 14 11:22:41 debootstrap: dpkg: regarding .../libpam-modules_1.1.8-3.1+deb8u2_amd64.deb containing libpam-modules:amd64, pre-dependency problem:
Mar 14 11:22:41 debootstrap:  libpam-modules pre-depends on libaudit1 (>= 1:2.2.1)
Mar 14 11:22:41 debootstrap:   libaudit1:amd64 is unpacked, but has never been configured.
Mar 14 11:22:41 debootstrap: 
Mar 14 11:22:41 debootstrap: dpkg: warning: ignoring pre-dependency problem!
Mar 14 11:22:41 debootstrap: dpkg: regarding .../libpam-modules_1.1.8-3.1+deb8u2_amd64.deb containing libpam-modules:amd64, pre-dependency problem:
Mar 14 11:22:41 debootstrap:  libpam-modules pre-depends on libdb5.3
Mar 14 11:22:41 debootstrap:   libdb5.3:amd64 is unpacked, but has never been configured.
Mar 14 11:22:41 debootstrap: 
Mar 14 11:22:41 debootstrap: dpkg: warning: ignoring pre-dependency problem!
Mar 14 11:22:41 debootstrap: dpkg: regarding .../libpam-modules_1.1.8-3.1+deb8u2_amd64.deb containing libpam-modules:amd64, pre-dependency problem:
Mar 14 11:22:41 debootstrap:  libpam-modules pre-depends on libpam0g (>= 1.1.3-2)
Mar 14 11:22:41 debootstrap:   libpam0g:amd64 is unpacked, but has never been configured.
Mar 14 11:22:41 debootstrap: 
Mar 14 11:22:41 debootstrap: dpkg: warning: ignoring pre-dependency problem!
Mar 14 11:22:41 debootstrap: dpkg: regarding .../libpam-modules_1.1.8-3.1+deb8u2_amd64.deb containing libpam-modules:amd64, pre-dependency problem:
Mar 14 11:22:41 debootstrap:  libpam-modules pre-depends on libselinux1 (>= 2.1.9)
Mar 14 11:22:41 debootstrap:   libselinux1 is not installed.
Mar 14 11:22:41 debootstrap: 
Mar 14 11:22:41 debootstrap: dpkg: warning: ignoring pre-dependency problem!
Mar 14 11:22:41 debootstrap: dpkg: regarding .../libpam-modules_1.1.8-3.1+deb8u2_amd64.deb containing libpam-modules:amd64, pre-dependency problem:
Mar 14 11:22:41 debootstrap:  libpam-modules pre-depends on libpam-modules-bin (= 1.1.8-3.1+deb8u2)
Mar 14 11:22:41 debootstrap:   libpam-modules-bin is unpacked, but has never been configured.
Mar 14 11:22:41 debootstrap: 
Mar 14 11:22:41 debootstrap: dpkg: warning: ignoring pre-dependency problem!
Mar 14 11:22:41 debootstrap: Preparing to unpack .../libpam-modules_1.1.8-3.1+deb8u2_amd64.deb ...
Mar 14 11:22:41 debootstrap: Unpacking libpam-modules:amd64 (1.1.8-3.1+deb8u2) ...
Mar 14 11:22:41 debootstrap: Selecting previously unselected package debianutils.
Mar 14 11:22:41 debootstrap: Preparing to unpack .../debianutils_4.4+b1_amd64.deb ...
Mar 14 11:22:41 debootstrap: Unpacking debianutils (4.4+b1) ...
Mar 14 11:22:41 debootstrap: Selecting previously unselected package adduser.
